../Core/Src/main.c:101:5:main	8	static
../Core/Src/main.c:189:6:SystemClock_Config	88	static
../Core/Src/main.c:235:13:MX_I2C1_Init	8	static
../Core/Src/main.c:269:13:MX_I2S3_Init	8	static
../Core/Src/main.c:303:13:MX_SPI1_Init	8	static
../Core/Src/main.c:341:13:MX_TIM7_Init	16	static
../Core/Src/main.c:379:13:MX_GPIO_Init	56	static
../Core/Src/main.c:477:6:StartDefaultTask	16	static
../Core/Src/main.c:506:6:StartTask02	16	static
../Core/Src/main.c:524:6:StartTask03	16	static
../Core/Src/main.c:539:6:Error_Handler	4	static,ignoring_inline_asm
