../Core/Src/main.c:131:5:main	8	static
../Core/Src/main.c:264:6:SystemClock_Config	88	static
../Core/Src/main.c:310:13:MX_I2C1_Init	8	static
../Core/Src/main.c:344:13:MX_I2S3_Init	8	static
../Core/Src/main.c:378:13:MX_SPI1_Init	8	static
../Core/Src/main.c:416:13:MX_TIM7_Init	16	static
../Core/Src/main.c:454:13:MX_GPIO_Init	56	static
../Core/Src/main.c:552:6:StartDefaultTask	16	static
../Core/Src/main.c:581:6:StartTask02	16	static
../Core/Src/main.c:599:6:StartTask03	16	static
../Core/Src/main.c:617:6:producer01task	64	static
../Core/Src/main.c:642:6:consumer01task	72	static
../Core/Src/main.c:660:6:oneMsFunc	16	static
../Core/Src/main.c:683:6:Error_Handler	4	static,ignoring_inline_asm
