../Core/Src/main.c:147:5:main	8	static
../Core/Src/main.c:286:6:SystemClock_Config	88	static
../Core/Src/main.c:332:13:MX_I2C1_Init	8	static
../Core/Src/main.c:366:13:MX_I2S3_Init	8	static
../Core/Src/main.c:400:13:MX_SPI1_Init	8	static
../Core/Src/main.c:438:13:MX_TIM7_Init	16	static
../Core/Src/main.c:476:13:MX_GPIO_Init	56	static
../Core/Src/main.c:574:6:StartDefaultTask	16	static
../Core/Src/main.c:603:6:StartTask02	16	static
../Core/Src/main.c:621:6:StartTask03	16	static
../Core/Src/main.c:639:6:producer01task	64	static
../Core/Src/main.c:664:6:consumer01task	72	static
../Core/Src/main.c:688:6:producer02task	64	static
../Core/Src/main.c:720:6:producer03task	16	static
../Core/Src/main.c:732:6:oneMsFunc	16	static
../Core/Src/main.c:755:6:Error_Handler	4	static,ignoring_inline_asm
