14:11:41 **** Incremental Build of configuration Debug for project Erster_Test ****
make -j8 all 
arm-none-eabi-gcc "../Core/Src/main.c" -mcpu=cortex-m4 -std=gnu11 -g3 -DDEBUG -DUSE_HAL_DRIVER -DSTM32F407xx -c -I../Core/Inc -I../USB_HOST/App -I../USB_HOST/Target -I../Drivers/STM32F4xx_HAL_Driver/Inc -I../Drivers/STM32F4xx_HAL_Driver/Inc/Legacy -I../Middlewares/Third_Party/FreeRTOS/Source/include -I../Middlewares/Third_Party/FreeRTOS/Source/CMSIS_RTOS_V2 -I../Middlewares/Third_Party/FreeRTOS/Source/portable/GCC/ARM_CM4F -I../Middlewares/ST/STM32_USB_Host_Library/Core/Inc -I../Middlewares/ST/STM32_USB_Host_Library/Class/CDC/Inc -I../Drivers/CMSIS/Device/ST/STM32F4xx/Include -I../Drivers/CMSIS/Include -O0 -ffunction-sections -fdata-sections -Wall -fstack-usage -MMD -MP -MF"Core/Src/main.d" -MT"Core/Src/main.o" --specs=nano.specs -mfpu=fpv4-sp-d16 -mfloat-abi=hard -mthumb -o "Core/Src/main.o"
arm-none-eabi-gcc -o "Erster_Test.elf" @"objects.list"   -mcpu=cortex-m4 -T"H:\IpAF\Erster_Test\Erster_Test\STM32F407VGTX_FLASH.ld" --specs=nosys.specs -Wl,-Map="Erster_Test.map" -Wl,--gc-sections -static --specs=nano.specs -mfpu=fpv4-sp-d16 -mfloat-abi=hard -mthumb -Wl,--start-group -lc -lm -Wl,--end-group
Finished building target: Erster_Test.elf
 
arm-none-eabi-size   Erster_Test.elf 
arm-none-eabi-objdump -h -S  Erster_Test.elf  > "Erster_Test.list"
   text	   data	    bss	    dec	    hex	filename
  59272	    156	  22508	  81936	  14010	Erster_Test.elf
Finished building: default.size.stdout
 
Finished building: Erster_Test.list
 

14:11:50 Build Finished. 0 errors, 0 warnings. (took 8s.675ms)

