Archive member included to satisfy reference by file (symbol)

c:/st/stm32cubeide_1.10.1/stm32cubeide/plugins/com.st.stm32cube.ide.mcu.externaltools.gnu-tools-for-stm32.10.3-2021.10.win32_1.0.0.202111181127/tools/bin/../lib/gcc/arm-none-eabi/10.3.1/../../../../arm-none-eabi/lib/thumb/v7e-m+fp/hard\libc_nano.a(lib_a-errno.o)
                              ./Core/Src/syscalls.o (__errno)
c:/st/stm32cubeide_1.10.1/stm32cubeide/plugins/com.st.stm32cube.ide.mcu.externaltools.gnu-tools-for-stm32.10.3-2021.10.win32_1.0.0.202111181127/tools/bin/../lib/gcc/arm-none-eabi/10.3.1/../../../../arm-none-eabi/lib/thumb/v7e-m+fp/hard\libc_nano.a(lib_a-exit.o)
                              c:/st/stm32cubeide_1.10.1/stm32cubeide/plugins/com.st.stm32cube.ide.mcu.externaltools.gnu-tools-for-stm32.10.3-2021.10.win32_1.0.0.202111181127/tools/bin/../lib/gcc/arm-none-eabi/10.3.1/../../../../arm-none-eabi/lib/thumb/v7e-m+fp/hard/crt0.o (exit)
c:/st/stm32cubeide_1.10.1/stm32cubeide/plugins/com.st.stm32cube.ide.mcu.externaltools.gnu-tools-for-stm32.10.3-2021.10.win32_1.0.0.202111181127/tools/bin/../lib/gcc/arm-none-eabi/10.3.1/../../../../arm-none-eabi/lib/thumb/v7e-m+fp/hard\libc_nano.a(lib_a-impure.o)
                              c:/st/stm32cubeide_1.10.1/stm32cubeide/plugins/com.st.stm32cube.ide.mcu.externaltools.gnu-tools-for-stm32.10.3-2021.10.win32_1.0.0.202111181127/tools/bin/../lib/gcc/arm-none-eabi/10.3.1/../../../../arm-none-eabi/lib/thumb/v7e-m+fp/hard\libc_nano.a(lib_a-exit.o) (_global_impure_ptr)
c:/st/stm32cubeide_1.10.1/stm32cubeide/plugins/com.st.stm32cube.ide.mcu.externaltools.gnu-tools-for-stm32.10.3-2021.10.win32_1.0.0.202111181127/tools/bin/../lib/gcc/arm-none-eabi/10.3.1/../../../../arm-none-eabi/lib/thumb/v7e-m+fp/hard\libc_nano.a(lib_a-init.o)
                              c:/st/stm32cubeide_1.10.1/stm32cubeide/plugins/com.st.stm32cube.ide.mcu.externaltools.gnu-tools-for-stm32.10.3-2021.10.win32_1.0.0.202111181127/tools/bin/../lib/gcc/arm-none-eabi/10.3.1/../../../../arm-none-eabi/lib/thumb/v7e-m+fp/hard/crt0.o (__libc_init_array)
c:/st/stm32cubeide_1.10.1/stm32cubeide/plugins/com.st.stm32cube.ide.mcu.externaltools.gnu-tools-for-stm32.10.3-2021.10.win32_1.0.0.202111181127/tools/bin/../lib/gcc/arm-none-eabi/10.3.1/../../../../arm-none-eabi/lib/thumb/v7e-m+fp/hard\libc_nano.a(lib_a-malloc.o)
                              ./Middlewares/ST/STM32_USB_Host_Library/Class/CDC/Src/usbh_cdc.o (malloc)
c:/st/stm32cubeide_1.10.1/stm32cubeide/plugins/com.st.stm32cube.ide.mcu.externaltools.gnu-tools-for-stm32.10.3-2021.10.win32_1.0.0.202111181127/tools/bin/../lib/gcc/arm-none-eabi/10.3.1/../../../../arm-none-eabi/lib/thumb/v7e-m+fp/hard\libc_nano.a(lib_a-memcpy-stub.o)
                              ./Middlewares/Third_Party/FreeRTOS/Source/CMSIS_RTOS_V2/cmsis_os2.o (memcpy)
c:/st/stm32cubeide_1.10.1/stm32cubeide/plugins/com.st.stm32cube.ide.mcu.externaltools.gnu-tools-for-stm32.10.3-2021.10.win32_1.0.0.202111181127/tools/bin/../lib/gcc/arm-none-eabi/10.3.1/../../../../arm-none-eabi/lib/thumb/v7e-m+fp/hard\libc_nano.a(lib_a-memset.o)
                              c:/st/stm32cubeide_1.10.1/stm32cubeide/plugins/com.st.stm32cube.ide.mcu.externaltools.gnu-tools-for-stm32.10.3-2021.10.win32_1.0.0.202111181127/tools/bin/../lib/gcc/arm-none-eabi/10.3.1/../../../../arm-none-eabi/lib/thumb/v7e-m+fp/hard/crt0.o (memset)
c:/st/stm32cubeide_1.10.1/stm32cubeide/plugins/com.st.stm32cube.ide.mcu.externaltools.gnu-tools-for-stm32.10.3-2021.10.win32_1.0.0.202111181127/tools/bin/../lib/gcc/arm-none-eabi/10.3.1/../../../../arm-none-eabi/lib/thumb/v7e-m+fp/hard\libc_nano.a(lib_a-nano-freer.o)
                              c:/st/stm32cubeide_1.10.1/stm32cubeide/plugins/com.st.stm32cube.ide.mcu.externaltools.gnu-tools-for-stm32.10.3-2021.10.win32_1.0.0.202111181127/tools/bin/../lib/gcc/arm-none-eabi/10.3.1/../../../../arm-none-eabi/lib/thumb/v7e-m+fp/hard\libc_nano.a(lib_a-malloc.o) (_free_r)
c:/st/stm32cubeide_1.10.1/stm32cubeide/plugins/com.st.stm32cube.ide.mcu.externaltools.gnu-tools-for-stm32.10.3-2021.10.win32_1.0.0.202111181127/tools/bin/../lib/gcc/arm-none-eabi/10.3.1/../../../../arm-none-eabi/lib/thumb/v7e-m+fp/hard\libc_nano.a(lib_a-nano-mallocr.o)
                              c:/st/stm32cubeide_1.10.1/stm32cubeide/plugins/com.st.stm32cube.ide.mcu.externaltools.gnu-tools-for-stm32.10.3-2021.10.win32_1.0.0.202111181127/tools/bin/../lib/gcc/arm-none-eabi/10.3.1/../../../../arm-none-eabi/lib/thumb/v7e-m+fp/hard\libc_nano.a(lib_a-malloc.o) (_malloc_r)
c:/st/stm32cubeide_1.10.1/stm32cubeide/plugins/com.st.stm32cube.ide.mcu.externaltools.gnu-tools-for-stm32.10.3-2021.10.win32_1.0.0.202111181127/tools/bin/../lib/gcc/arm-none-eabi/10.3.1/../../../../arm-none-eabi/lib/thumb/v7e-m+fp/hard\libc_nano.a(lib_a-sbrkr.o)
[...]
Memory Configuration

Name             Origin             Length             Attributes
CCMRAM           0x0000000010000000 0x0000000000010000 xrw
RAM              0x0000000020000000 0x0000000000020000 xrw
FLASH            0x0000000008000000 0x0000000000100000 xr
*default*        0x0000000000000000 0xffffffffffffffff

Linker script and memory map

LOAD c:/st/stm32cubeide_1.10.1/stm32cubeide/plugins/com.st.stm32cube.ide.mcu.externaltools.gnu-tools-for-stm32.10.3-2021.10.win32_1.0.0.202111181127/tools/bin/../lib/gcc/arm-none-eabi/10.3.1/thumb/v7e-m+fp/hard/crti.o
LOAD c:/st/stm32cubeide_1.10.1/stm32cubeide/plugins/com.st.stm32cube.ide.mcu.externaltools.gnu-tools-for-stm32.10.3-2021.10.win32_1.0.0.202111181127/tools/bin/../lib/gcc/arm-none-eabi/10.3.1/thumb/v7e-m+fp/hard/crtbegin.o
LOAD c:/st/stm32cubeide_1.10.1/stm32cubeide/plugins/com.st.stm32cube.ide.mcu.externaltools.gnu-tools-for-stm32.10.3-2021.10.win32_1.0.0.202111181127/tools/bin/../lib/gcc/arm-none-eabi/10.3.1/../../../../arm-none-eabi/lib/thumb/v7e-m+fp/hard/crt0.o
LOAD ./Core/Src/display.o
LOAD ./Core/Src/freertos.o
LOAD ./Core/Src/main.o
LOAD ./Core/Src/stm32f4xx_hal_msp.o
LOAD ./Core/Src/stm32f4xx_it.o
LOAD ./Core/Src/syscalls.o
LOAD ./Core/Src/sysmem.o
LOAD ./Core/Src/system_stm32f4xx.o
LOAD ./Core/Startup/startup_stm32f407vgtx.o
LOAD ./Drivers/STM32F4xx_HAL_Driver/Src/stm32f4xx_hal.o
LOAD ./Drivers/STM32F4xx_HAL_Driver/Src/stm32f4xx_hal_cortex.o
LOAD ./Drivers/STM32F4xx_HAL_Driver/Src/stm32f4xx_hal_dma.o
LOAD ./Drivers/STM32F4xx_HAL_Driver/Src/stm32f4xx_hal_dma_ex.o
LOAD ./Drivers/STM32F4xx_HAL_Driver/Src/stm32f4xx_hal_exti.o
LOAD ./Drivers/STM32F4xx_HAL_Driver/Src/stm32f4xx_hal_flash.o
LOAD ./Drivers/STM32F4xx_HAL_Driver/Src/stm32f4xx_hal_flash_ex.o
LOAD ./Drivers/STM32F4xx_HAL_Driver/Src/stm32f4xx_hal_flash_ramfunc.o
LOAD ./Drivers/STM32F4xx_HAL_Driver/Src/stm32f4xx_hal_gpio.o
LOAD ./Drivers/STM32F4xx_HAL_Driver/Src/stm32f4xx_hal_hcd.o
LOAD ./Drivers/STM32F4xx_HAL_Driver/Src/stm32f4xx_hal_i2c.o
LOAD ./Drivers/STM32F4xx_HAL_Driver/Src/stm32f4xx_hal_i2c_ex.o
LOAD ./Drivers/STM32F4xx_HAL_Driver/Src/stm32f4xx_hal_i2s.o
LOAD ./Drivers/STM32F4xx_HAL_Driver/Src/stm32f4xx_hal_i2s_ex.o
LOAD ./Drivers/STM32F4xx_HAL_Driver/Src/stm32f4xx_hal_pwr.o
LOAD ./Drivers/STM32F4xx_HAL_Driver/Src/stm32f4xx_hal_pwr_ex.o
LOAD ./Drivers/STM32F4xx_HAL_Driver/Src/stm32f4xx_hal_rcc.o
LOAD ./Drivers/STM32F4xx_HAL_Driver/Src/stm32f4xx_hal_rcc_ex.o
LOAD ./Drivers/STM32F4xx_HAL_Driver/Src/stm32f4xx_hal_spi.o
LOAD ./Drivers/STM32F4xx_HAL_Driver/Src/stm32f4xx_hal_tim.o
LOAD ./Drivers/STM32F4xx_HAL_Driver/Src/stm32f4xx_hal_tim_ex.o
LOAD ./Drivers/STM32F4xx_HAL_Driver/Src/stm32f4xx_ll_usb.o
LOAD ./Middlewares/ST/STM32_USB_Host_Library/Class/CDC/Src/usbh_cdc.o
LOAD ./Middlewares/ST/STM32_USB_Host_Library/Core/Src/usbh_core.o
LOAD ./Middlewares/ST/STM32_USB_Host_Library/Core/Src/usbh_ctlreq.o
LOAD ./Middlewares/ST/STM32_USB_Host_Library/Core/Src/usbh_ioreq.o
LOAD ./Middlewares/ST/STM32_USB_Host_Library/Core/Src/usbh_pipes.o
LOAD ./Middlewares/Third_Party/FreeRTOS/Source/CMSIS_RTOS_V2/cmsis_os2.o
LOAD ./Middlewares/Third_Party/FreeRTOS/Source/croutine.o
LOAD ./Middlewares/Third_Party/FreeRTOS/Source/event_groups.o
LOAD ./Middlewares/Third_Party/FreeRTOS/Source/list.o
LOAD ./Middlewares/Third_Party/FreeRTOS/Source/queue.o
LOAD ./Middlewares/Third_Party/FreeRTOS/Source/stream_buffer.o
LOAD ./Middlewares/Third_Party/FreeRTOS/Source/tasks.o
LOAD ./Middlewares/Third_Party/FreeRTOS/Source/timers.o
LOAD ./Middlewares/Third_Party/FreeRTOS/Source/portable/GCC/ARM_CM4F/port.o
LOAD ./Middlewares/Third_Party/FreeRTOS/Source/portable/MemMang/heap_4.o
LOAD ./USB_HOST/App/usb_host.o
LOAD ./USB_HOST/Target/usbh_conf.o
LOAD ./USB_HOST/Target/usbh_platform.o
START GROUP
LOAD c:/st/stm32cubeide_1.10.1/stm32cubeide/plugins/com.st.stm32cube.ide.mcu.externaltools.gnu-tools-for-stm32.10.3-2021.10.win32_1.0.0.202111181127/tools/bin/../lib/gcc/arm-none-eabi/10.3.1/../../../../arm-none-eabi/lib/thumb/v7e-m+fp/hard\libc_nano.a
LOAD c:/st/stm32cubeide_1.10.1/stm32cubeide/plugins/com.st.stm32cube.ide.mcu.externaltools.gnu-tools-for-stm32.10.3-2021.10.win32_1.0.0.202111181127/tools/bin/../lib/gcc/arm-none-eabi/10.3.1/../../../../arm-none-eabi/lib/thumb/v7e-m+fp/hard\libm.a
END GROUP
START GROUP
LOAD c:/st/stm32cubeide_1.10.1/stm32cubeide/plugins/com.st.stm32cube.ide.mcu.externaltools.gnu-tools-for-stm32.10.3-2021.10.win32_1.0.0.202111181127/tools/bin/../lib/gcc/arm-none-eabi/10.3.1/thumb/v7e-m+fp/hard\libgcc.a
LOAD c:/st/stm32cubeide_1.10.1/stm32cubeide/plugins/com.st.stm32cube.ide.mcu.externaltools.gnu-tools-for-stm32.10.3-2021.10.win32_1.0.0.202111181127/tools/bin/../lib/gcc/arm-none-eabi/10.3.1/../../../../arm-none-eabi/lib/thumb/v7e-m+fp/hard\libc_nano.a
END GROUP
START GROUP
LOAD c:/st/stm32cubeide_1.10.1/stm32cubeide/plugins/com.st.stm32cube.ide.mcu.externaltools.gnu-tools-for-stm32.10.3-2021.10.win32_1.0.0.202111181127/tools/bin/../lib/gcc/arm-none-eabi/10.3.1/thumb/v7e-m+fp/hard\libgcc.a
LOAD c:/st/stm32cubeide_1.10.1/stm32cubeide/plugins/com.st.stm32cube.ide.mcu.externaltools.gnu-tools-for-stm32.10.3-2021.10.win32_1.0.0.202111181127/tools/bin/../lib/gcc/arm-none-eabi/10.3.1/../../../../arm-none-eabi/lib/thumb/v7e-m+fp/hard\libc_nano.a
LOAD c:/st/stm32cubeide_1.10.1/stm32cubeide/plugins/com.st.stm32cube.ide.mcu.externaltools.gnu-tools-for-stm32.10.3-2021.10.win32_1.0.0.202111181127/tools/bin/../lib/gcc/arm-none-eabi/10.3.1/../../../../arm-none-eabi/lib/thumb/v7e-m+fp/hard\libnosys.a
END GROUP
START GROUP
LOAD c:/st/stm32cubeide_1.10.1/stm32cubeide/plugins/com.st.stm32cube.ide.mcu.externaltools.gnu-tools-for-stm32.10.3-2021.10.win32_1.0.0.202111181127/tools/bin/../lib/gcc/arm-none-eabi/10.3.1/thumb/v7e-m+fp/hard\libgcc.a
LOAD c:/st/stm32cubeide_1.10.1/stm32cubeide/plugins/com.st.stm32cube.ide.mcu.externaltools.gnu-tools-for-stm32.10.3-2021.10.win32_1.0.0.202111181127/tools/bin/../lib/gcc/arm-none-eabi/10.3.1/../../../../arm-none-eabi/lib/thumb/v7e-m+fp/hard\libc_nano.a
LOAD c:/st/stm32cubeide_1.10.1/stm32cubeide/plugins/com.st.stm32cube.ide.mcu.externaltools.gnu-tools-for-stm32.10.3-2021.10.win32_1.0.0.202111181127/tools/bin/../lib/gcc/arm-none-eabi/10.3.1/../../../../arm-none-eabi/lib/thumb/v7e-m+fp/hard\libnosys.a
END GROUP
LOAD c:/st/stm32cubeide_1.10.1/stm32cubeide/plugins/com.st.stm32cube.ide.mcu.externaltools.gnu-tools-for-stm32.10.3-2021.10.win32_1.0.0.202111181127/tools/bin/../lib/gcc/arm-none-eabi/10.3.1/thumb/v7e-m+fp/hard/crtend.o
LOAD c:/st/stm32cubeide_1.10.1/stm32cubeide/plugins/com.st.stm32cube.ide.mcu.externaltools.gnu-tools-for-stm32.10.3-2021.10.win32_1.0.0.202111181127/tools/bin/../lib/gcc/arm-none-eabi/10.3.1/thumb/v7e-m+fp/hard/crtn.o
                0x0000000020020000                _estack = (ORIGIN (RAM) + LENGTH (RAM))
                0x0000000000000200                _Min_Heap_Size = 0x200
                0x0000000000000400                _Min_Stack_Size = 0x400

.isr_vector     0x0000000008000000      0x188
                0x0000000008000000                . = ALIGN (0x4)
 *(.isr_vector)
 .isr_vector    0x0000000008000000      0x188 ./Core/Startup/startup_stm32f407vgtx.o
                0x0000000008000000                g_pfnVectors
                0x0000000008000188                . = ALIGN (0x4)

.text           0x0000000008000190     0xc438
                0x0000000008000190                . = ALIGN (0x4)
 *(.text)
 .text          0x0000000008000190       0x40 c:/st/stm32cubeide_1.10.1/stm32cubeide/plugins/com.st.stm32cube.ide.mcu.externaltools.gnu-tools-for-stm32.10.3-2021.10.win32_1.0.0.202111181127/tools/bin/../lib/gcc/arm-none-eabi/10.3.1/thumb/v7e-m+fp/hard/crtbegin.o
 .text          0x00000000080001d0       0xa0 c:/st/stm32cubeide_1.10.1/stm32cubeide/plugins/com.st.stm32cube.ide.mcu.externaltools.gnu-tools-for-stm32.10.3-2021.10.win32_1.0.0.202111181127/tools/bin/../lib/gcc/arm-none-eabi/10.3.1/../../../../arm-none-eabi/lib/thumb/v7e-m+fp/hard\libc_nano.a(lib_a-memchr.o)
                0x00000000080001d0                memchr
 .text          0x0000000008000270       0x30 c:/st/stm32cubeide_1.10.1/stm32cubeide/plugins/com.st.stm32cube.ide.mcu.externaltools.gnu-tools-for-stm32.10.3-2021.10.win32_1.0.0.202111181127/tools/bin/../lib/gcc/arm-none-eabi/10.3.1/thumb/v7e-m+fp/hard\libgcc.a(_aeabi_uldivmod.o)
                0x0000000008000270                __aeabi_uldivmod
 .text          0x00000000080002a0      0x2d0 c:/st/stm32cubeide_1.10.1/stm32cubeide/plugins/com.st.stm32cube.ide.mcu.externaltools.gnu-tools-for-stm32.10.3-2021.10.win32_1.0.0.202111181127/tools/bin/../lib/gcc/arm-none-eabi/10.3.1/thumb/v7e-m+fp/hard\libgcc.a(_udivmoddi4.o)
                0x00000000080002a0                __udivmoddi4
 .text          0x0000000008000570        0x4 c:/st/stm32cubeide_1.10.1/stm32cubeide/plugins/com.st.stm32cube.ide.mcu.externaltools.gnu-tools-for-stm32.10.3-2021.10.win32_1.0.0.202111181127/tools/bin/../lib/gcc/arm-none-eabi/10.3.1/thumb/v7e-m+fp/hard\libgcc.a(_dvmd_tls.o)
                0x0000000008000570                __aeabi_idiv0
                0x0000000008000570                __aeabi_ldiv0
 *(.text*)
 .text.LCD_SetCursor
                0x0000000008000574       0x2c ./Core/Src/display.o
                0x0000000008000574                LCD_SetCursor
 .text.LCD_DrawPixel
                0x00000000080005a0       0x1c ./Core/Src/display.o
                0x00000000080005a0                LCD_DrawPixel
 .text.LCD_WriteLetter
                0x00000000080005bc       0xa4 ./Core/Src/display.o
                0x00000000080005bc                LCD_WriteLetter
 .text.LCD_WriteString
                0x0000000008000660       0x5e ./Core/Src/display.o
                0x0000000008000660                LCD_WriteString
 .text.Bits2Pixel
                0x00000000080006be       0xb4 ./Core/Src/display.o
                0x00000000080006be                Bits2Pixel
 .text.LCD_ClearDisplay
                0x0000000008000772       0x38 ./Core/Src/display.o
                0x0000000008000772                LCD_ClearDisplay
 *fill*         0x00000000080007aa        0x2 
 .text.LCD_Output16BitWord
                0x00000000080007ac       0xc0 ./Core/Src/display.o
                0x00000000080007ac                LCD_Output16BitWord
 .text.LCD_WriteReg
                0x000000000800086c       0x28 ./Core/Src/display.o
                0x000000000800086c                LCD_WriteReg
 .text.LCD_WriteData
                0x0000000008000894       0x60 ./Core/Src/display.o
                0x0000000008000894                LCD_WriteData
 .text.LCD_WriteCommand
                0x00000000080008f4       0x60 ./Core/Src/display.o
                0x00000000080008f4                LCD_WriteCommand
 .text.LCD_Init
                0x0000000008000954       0xe0 ./Core/Src/display.o
                0x0000000008000954                LCD_Init
 .text.main     0x0000000008000a34      0x190 ./Core/Src/main.o
                0x0000000008000a34                main
 .text.SystemClock_Config
                0x0000000008000bc4       0xd4 ./Core/Src/main.o
                0x0000000008000bc4                SystemClock_Config
 .text.MX_I2C1_Init
                0x0000000008000c98       0x5c ./Core/Src/main.o
 .text.MX_I2S3_Init
                0x0000000008000cf4       0x60 ./Core/Src/main.o
 .text.MX_SPI1_Init
                0x0000000008000d54       0x6c ./Core/Src/main.o
 .text.MX_TIM7_Init
                0x0000000008000dc0       0x6c ./Core/Src/main.o
 .text.MX_GPIO_Init
                0x0000000008000e2c      0x1fc ./Core/Src/main.o
 .text.StartDefaultTask
                0x0000000008001028       0x5c ./Core/Src/main.o
                0x0000000008001028                StartDefaultTask
 .text.StartTask02
                0x0000000008001084       0x10 ./Core/Src/main.o
                0x0000000008001084                StartTask02
 .text.StartTask03
                0x0000000008001094       0x10 ./Core/Src/main.o
                0x0000000008001094                StartTask03
 .text.producer01task
                0x00000000080010a4       0x54 ./Core/Src/main.o
                0x00000000080010a4                producer01task
 .text.consumer01task
                0x00000000080010f8       0x94 ./Core/Src/main.o
                0x00000000080010f8                consumer01task
 .text.oneMsFunc
                0x000000000800118c       0x20 ./Core/Src/main.o
                0x000000000800118c                oneMsFunc
 .text.Error_Handler
                0x00000000080011ac        0xa ./Core/Src/main.o
                0x00000000080011ac                Error_Handler
 *fill*         0x00000000080011b6        0x2 
 .text.HAL_MspInit
                0x00000000080011b8       0x58 ./Core/Src/stm32f4xx_hal_msp.o
                0x00000000080011b8                HAL_MspInit
 .text.HAL_I2C_MspInit
                0x0000000008001210       0x90 ./Core/Src/stm32f4xx_hal_msp.o
                0x0000000008001210                HAL_I2C_MspInit
 .text.HAL_I2S_MspInit
                0x00000000080012a0      0x100 ./Core/Src/stm32f4xx_hal_msp.o
                0x00000000080012a0                HAL_I2S_MspInit
 .text.HAL_SPI_MspInit
                0x00000000080013a0       0x90 ./Core/Src/stm32f4xx_hal_msp.o
                0x00000000080013a0                HAL_SPI_MspInit
 .text.HAL_TIM_Base_MspInit
                0x0000000008001430       0x44 ./Core/Src/stm32f4xx_hal_msp.o
                0x0000000008001430                HAL_TIM_Base_MspInit
 .text.NMI_Handler
                0x0000000008001474        0x6 ./Core/Src/stm32f4xx_it.o
                0x0000000008001474                NMI_Handler
 .text.HardFault_Handler
                0x000000000800147a        0x6 ./Core/Src/stm32f4xx_it.o
                0x000000000800147a                HardFault_Handler
 .text.MemManage_Handler
                0x0000000008001480        0x6 ./Core/Src/stm32f4xx_it.o
                0x0000000008001480                MemManage_Handler
 .text.BusFault_Handler
                0x0000000008001486        0x6 ./Core/Src/stm32f4xx_it.o
                0x0000000008001486                BusFault_Handler
 .text.UsageFault_Handler
                0x000000000800148c        0x6 ./Core/Src/stm32f4xx_it.o
                0x000000000800148c                UsageFault_Handler
 .text.DebugMon_Handler
                0x0000000008001492        0xe ./Core/Src/stm32f4xx_it.o
                0x0000000008001492                DebugMon_Handler
 .text.SysTick_Handler
                0x00000000080014a0       0x1a ./Core/Src/stm32f4xx_it.o
                0x00000000080014a0                SysTick_Handler
 *fill*         0x00000000080014ba        0x2 
 .text.OTG_FS_IRQHandler
                0x00000000080014bc       0x14 ./Core/Src/stm32f4xx_it.o
                0x00000000080014bc                OTG_FS_IRQHandler
 .text._sbrk    0x00000000080014d0       0x6c ./Core/Src/sysmem.o
                0x00000000080014d0                _sbrk
 .text.SystemInit
                0x000000000800153c       0x24 ./Core/Src/system_stm32f4xx.o
                0x000000000800153c                SystemInit
 .text.Reset_Handler
                0x0000000008001560       0x50 ./Core/Startup/startup_stm32f407vgtx.o
                0x0000000008001560                Reset_Handler
 .text.Default_Handler
                0x00000000080015b0        0x2 ./Core/Startup/startup_stm32f407vgtx.o
                0x00000000080015b0                RTC_Alarm_IRQHandler
                0x00000000080015b0                HASH_RNG_IRQHandler
                0x00000000080015b0                EXTI2_IRQHandler
                0x00000000080015b0                TIM8_CC_IRQHandler
                0x00000000080015b0                TIM1_CC_IRQHandler
                0x00000000080015b0                DMA2_Stream5_IRQHandler
                0x00000000080015b0                DMA1_Stream5_IRQHandler
                0x00000000080015b0                PVD_IRQHandler
                0x00000000080015b0                SDIO_IRQHandler
                0x00000000080015b0                TAMP_STAMP_IRQHandler
                0x00000000080015b0                CAN2_RX1_IRQHandler
                0x00000000080015b0                EXTI3_IRQHandler
                0x00000000080015b0                TIM8_TRG_COM_TIM14_IRQHandler
                0x00000000080015b0                TIM1_UP_TIM10_IRQHandler
                0x00000000080015b0                TIM8_UP_TIM13_IRQHandler
                0x00000000080015b0                I2C3_ER_IRQHandler
                0x00000000080015b0                EXTI0_IRQHandler
                0x00000000080015b0                I2C2_EV_IRQHandler
                0x00000000080015b0                DMA1_Stream2_IRQHandler
                0x00000000080015b0                CAN1_RX0_IRQHandler
                0x00000000080015b0                FPU_IRQHandler
                0x00000000080015b0                OTG_HS_WKUP_IRQHandler
                0x00000000080015b0                CAN2_SCE_IRQHandler
                0x00000000080015b0                DMA2_Stream2_IRQHandler
                0x00000000080015b0                SPI1_IRQHandler
                0x00000000080015b0                TIM6_DAC_IRQHandler
                0x00000000080015b0                TIM1_BRK_TIM9_IRQHandler
                0x00000000080015b0                DCMI_IRQHandler
                0x00000000080015b0                CAN2_RX0_IRQHandler
                0x00000000080015b0                DMA2_Stream3_IRQHandler
                0x00000000080015b0                USART6_IRQHandler
                0x00000000080015b0                USART3_IRQHandler
                0x00000000080015b0                CAN1_RX1_IRQHandler
                0x00000000080015b0                UART5_IRQHandler
                0x00000000080015b0                DMA2_Stream0_IRQHandler
                0x00000000080015b0                TIM4_IRQHandler
                0x00000000080015b0                I2C1_EV_IRQHandler
                0x00000000080015b0                DMA1_Stream6_IRQHandler
                0x00000000080015b0                DMA1_Stream1_IRQHandler
                0x00000000080015b0                UART4_IRQHandler
                0x00000000080015b0                TIM3_IRQHandler
                0x00000000080015b0                RCC_IRQHandler
                0x00000000080015b0                TIM8_BRK_TIM12_IRQHandler
                0x00000000080015b0                Default_Handler
                0x00000000080015b0                EXTI15_10_IRQHandler
                0x00000000080015b0                ADC_IRQHandler
                0x00000000080015b0                DMA1_Stream7_IRQHandler
                0x00000000080015b0                TIM7_IRQHandler
                0x00000000080015b0                CAN2_TX_IRQHandler
                0x00000000080015b0                TIM5_IRQHandler
                0x00000000080015b0                DMA2_Stream7_IRQHandler
                0x00000000080015b0                I2C3_EV_IRQHandler
                0x00000000080015b0                EXTI9_5_IRQHandler
                0x00000000080015b0                RTC_WKUP_IRQHandler
                0x00000000080015b0                ETH_WKUP_IRQHandler
                0x00000000080015b0                SPI2_IRQHandler
                0x00000000080015b0                OTG_HS_EP1_IN_IRQHandler
                0x00000000080015b0                DMA1_Stream0_IRQHandler
                0x00000000080015b0                CAN1_TX_IRQHandler
                0x00000000080015b0                EXTI4_IRQHandler
                0x00000000080015b0                FSMC_IRQHandler
                0x00000000080015b0                ETH_IRQHandler
                0x00000000080015b0                OTG_HS_EP1_OUT_IRQHandler
                0x00000000080015b0                WWDG_IRQHandler
                0x00000000080015b0                TIM2_IRQHandler
                0x00000000080015b0                OTG_FS_WKUP_IRQHandler
                0x00000000080015b0                TIM1_TRG_COM_TIM11_IRQHandler
                0x00000000080015b0                OTG_HS_IRQHandler
                0x00000000080015b0                EXTI1_IRQHandler
                0x00000000080015b0                USART2_IRQHandler
                0x00000000080015b0                I2C2_ER_IRQHandler
                0x00000000080015b0                DMA2_Stream1_IRQHandler
                0x00000000080015b0                CAN1_SCE_IRQHandler
                0x00000000080015b0                FLASH_IRQHandler
                0x00000000080015b0                DMA2_Stream4_IRQHandler
                0x00000000080015b0                USART1_IRQHandler
                0x00000000080015b0                SPI3_IRQHandler
                0x00000000080015b0                DMA1_Stream4_IRQHandler
                0x00000000080015b0                I2C1_ER_IRQHandler
                0x00000000080015b0                DMA2_Stream6_IRQHandler
                0x00000000080015b0                DMA1_Stream3_IRQHandler
 *fill*         0x00000000080015b2        0x2 
 .text.HAL_Init
                0x00000000080015b4       0x44 ./Drivers/STM32F4xx_HAL_Driver/Src/stm32f4xx_hal.o
                0x00000000080015b4                HAL_Init
 .text.HAL_InitTick
                0x00000000080015f8       0x60 ./Drivers/STM32F4xx_HAL_Driver/Src/stm32f4xx_hal.o
                0x00000000080015f8                HAL_InitTick
 .text.HAL_IncTick
                0x0000000008001658       0x28 ./Drivers/STM32F4xx_HAL_Driver/Src/stm32f4xx_hal.o
                0x0000000008001658                HAL_IncTick
 .text.HAL_GetTick
                0x0000000008001680       0x18 ./Drivers/STM32F4xx_HAL_Driver/Src/stm32f4xx_hal.o
                0x0000000008001680                HAL_GetTick
 .text.HAL_Delay
                0x0000000008001698       0x48 ./Drivers/STM32F4xx_HAL_Driver/Src/stm32f4xx_hal.o
                0x0000000008001698                HAL_Delay
 .text.__NVIC_SetPriorityGrouping
                0x00000000080016e0       0x48 ./Drivers/STM32F4xx_HAL_Driver/Src/stm32f4xx_hal_cortex.o
 .text.__NVIC_GetPriorityGrouping
                0x0000000008001728       0x1c ./Drivers/STM32F4xx_HAL_Driver/Src/stm32f4xx_hal_cortex.o
 .text.__NVIC_EnableIRQ
                0x0000000008001744       0x3c ./Drivers/STM32F4xx_HAL_Driver/Src/stm32f4xx_hal_cortex.o
 .text.__NVIC_SetPriority
                0x0000000008001780       0x54 ./Drivers/STM32F4xx_HAL_Driver/Src/stm32f4xx_hal_cortex.o
 .text.NVIC_EncodePriority
                0x00000000080017d4       0x66 ./Drivers/STM32F4xx_HAL_Driver/Src/stm32f4xx_hal_cortex.o
 *fill*         0x000000000800183a        0x2 
 .text.SysTick_Config
                0x000000000800183c       0x44 ./Drivers/STM32F4xx_HAL_Driver/Src/stm32f4xx_hal_cortex.o
 .text.HAL_NVIC_SetPriorityGrouping
                0x0000000008001880       0x16 ./Drivers/STM32F4xx_HAL_Driver/Src/stm32f4xx_hal_cortex.o
                0x0000000008001880                HAL_NVIC_SetPriorityGrouping
 .text.HAL_NVIC_SetPriority
                0x0000000008001896       0x38 ./Drivers/STM32F4xx_HAL_Driver/Src/stm32f4xx_hal_cortex.o
                0x0000000008001896                HAL_NVIC_SetPriority
 .text.HAL_NVIC_EnableIRQ
                0x00000000080018ce       0x1c ./Drivers/STM32F4xx_HAL_Driver/Src/stm32f4xx_hal_cortex.o
                0x00000000080018ce                HAL_NVIC_EnableIRQ
 .text.HAL_SYSTICK_Config
                0x00000000080018ea       0x18 ./Drivers/STM32F4xx_HAL_Driver/Src/stm32f4xx_hal_cortex.o
                0x00000000080018ea                HAL_SYSTICK_Config
 *fill*         0x0000000008001902        0x2 
 .text.HAL_GPIO_Init
                0x0000000008001904      0x338 ./Drivers/STM32F4xx_HAL_Driver/Src/stm32f4xx_hal_gpio.o
                0x0000000008001904                HAL_GPIO_Init
 .text.HAL_GPIO_ReadPin
                0x0000000008001c3c       0x30 ./Drivers/STM32F4xx_HAL_Driver/Src/stm32f4xx_hal_gpio.o
                0x0000000008001c3c                HAL_GPIO_ReadPin
 .text.HAL_GPIO_WritePin
                0x0000000008001c6c       0x32 ./Drivers/STM32F4xx_HAL_Driver/Src/stm32f4xx_hal_gpio.o
                0x0000000008001c6c                HAL_GPIO_WritePin
 .text.HAL_GPIO_TogglePin
                0x0000000008001c9e       0x34 ./Drivers/STM32F4xx_HAL_Driver/Src/stm32f4xx_hal_gpio.o
                0x0000000008001c9e                HAL_GPIO_TogglePin
 .text.HAL_HCD_Init
                0x0000000008001cd2       0xc4 ./Drivers/STM32F4xx_HAL_Driver/Src/stm32f4xx_hal_hcd.o
                0x0000000008001cd2                HAL_HCD_Init
 .text.HAL_HCD_HC_Init
                0x0000000008001d96      0x11e ./Drivers/STM32F4xx_HAL_Driver/Src/stm32f4xx_hal_hcd.o
                0x0000000008001d96                HAL_HCD_HC_Init
 .text.HAL_HCD_HC_Halt
                0x0000000008001eb4       0x46 ./Drivers/STM32F4xx_HAL_Driver/Src/stm32f4xx_hal_hcd.o
                0x0000000008001eb4                HAL_HCD_HC_Halt
 *fill*         0x0000000008001efa        0x2 
 .text.HAL_HCD_HC_SubmitRequest
                0x0000000008001efc      0x2ac ./Drivers/STM32F4xx_HAL_Driver/Src/stm32f4xx_hal_hcd.o
                0x0000000008001efc                HAL_HCD_HC_SubmitRequest
 .text.HAL_HCD_IRQHandler
                0x00000000080021a8      0x216 ./Drivers/STM32F4xx_HAL_Driver/Src/stm32f4xx_hal_hcd.o
                0x00000000080021a8                HAL_HCD_IRQHandler
 .text.HAL_HCD_Start
                0x00000000080023be       0x46 ./Drivers/STM32F4xx_HAL_Driver/Src/stm32f4xx_hal_hcd.o
                0x00000000080023be                HAL_HCD_Start
 .text.HAL_HCD_Stop
                0x0000000008002404       0x3a ./Drivers/STM32F4xx_HAL_Driver/Src/stm32f4xx_hal_hcd.o
                0x0000000008002404                HAL_HCD_Stop
 .text.HAL_HCD_ResetPort
                0x000000000800243e       0x1c ./Drivers/STM32F4xx_HAL_Driver/Src/stm32f4xx_hal_hcd.o
                0x000000000800243e                HAL_HCD_ResetPort
 .text.HAL_HCD_HC_GetURBState
                0x000000000800245a       0x28 ./Drivers/STM32F4xx_HAL_Driver/Src/stm32f4xx_hal_hcd.o
                0x000000000800245a                HAL_HCD_HC_GetURBState
 .text.HAL_HCD_HC_GetXferCount
                0x0000000008002482       0x28 ./Drivers/STM32F4xx_HAL_Driver/Src/stm32f4xx_hal_hcd.o
                0x0000000008002482                HAL_HCD_HC_GetXferCount
 .text.HAL_HCD_GetCurrentFrame
                0x00000000080024aa       0x1c ./Drivers/STM32F4xx_HAL_Driver/Src/stm32f4xx_hal_hcd.o
                0x00000000080024aa                HAL_HCD_GetCurrentFrame
 .text.HAL_HCD_GetCurrentSpeed
                0x00000000080024c6       0x1c ./Drivers/STM32F4xx_HAL_Driver/Src/stm32f4xx_hal_hcd.o
                0x00000000080024c6                HAL_HCD_GetCurrentSpeed
 .text.HCD_HC_IN_IRQHandler
                0x00000000080024e2      0x6aa ./Drivers/STM32F4xx_HAL_Driver/Src/stm32f4xx_hal_hcd.o
 .text.HCD_HC_OUT_IRQHandler
                0x0000000008002b8c      0x6d2 ./Drivers/STM32F4xx_HAL_Driver/Src/stm32f4xx_hal_hcd.o
 .text.HCD_RXQLVL_IRQHandler
                0x000000000800325e      0x1a4 ./Drivers/STM32F4xx_HAL_Driver/Src/stm32f4xx_hal_hcd.o
 .text.HCD_Port_IRQHandler
                0x0000000008003402       0xe6 ./Drivers/STM32F4xx_HAL_Driver/Src/stm32f4xx_hal_hcd.o
 .text.HAL_I2C_Init
                0x00000000080034e8      0x288 ./Drivers/STM32F4xx_HAL_Driver/Src/stm32f4xx_hal_i2c.o
                0x00000000080034e8                HAL_I2C_Init
 .text.HAL_I2S_Init
                0x0000000008003770      0x280 ./Drivers/STM32F4xx_HAL_Driver/Src/stm32f4xx_hal_i2s.o
                0x0000000008003770                HAL_I2S_Init
 .text.HAL_I2S_TxCpltCallback
                0x00000000080039f0       0x14 ./Drivers/STM32F4xx_HAL_Driver/Src/stm32f4xx_hal_i2s.o
                0x00000000080039f0                HAL_I2S_TxCpltCallback
 .text.HAL_I2S_RxCpltCallback
                0x0000000008003a04       0x14 ./Drivers/STM32F4xx_HAL_Driver/Src/stm32f4xx_hal_i2s.o
                0x0000000008003a04                HAL_I2S_RxCpltCallback
 .text.HAL_I2S_ErrorCallback
                0x0000000008003a18       0x14 ./Drivers/STM32F4xx_HAL_Driver/Src/stm32f4xx_hal_i2s.o
                0x0000000008003a18                HAL_I2S_ErrorCallback
 .text.I2S_Transmit_IT
                0x0000000008003a2c       0x5c ./Drivers/STM32F4xx_HAL_Driver/Src/stm32f4xx_hal_i2s.o
 .text.I2S_Receive_IT
                0x0000000008003a88       0x5e ./Drivers/STM32F4xx_HAL_Driver/Src/stm32f4xx_hal_i2s.o
 .text.I2S_IRQHandler
                0x0000000008003ae6      0x114 ./Drivers/STM32F4xx_HAL_Driver/Src/stm32f4xx_hal_i2s.o
 *fill*         0x0000000008003bfa        0x2 
 .text.HAL_I2SEx_FullDuplex_IRQHandler
                0x0000000008003bfc      0x2a8 ./Drivers/STM32F4xx_HAL_Driver/Src/stm32f4xx_hal_i2s_ex.o
                0x0000000008003bfc                HAL_I2SEx_FullDuplex_IRQHandler
 .text.HAL_I2SEx_TxRxCpltCallback
                0x0000000008003ea4       0x14 ./Drivers/STM32F4xx_HAL_Driver/Src/stm32f4xx_hal_i2s_ex.o
                0x0000000008003ea4                HAL_I2SEx_TxRxCpltCallback
 .text.I2SEx_TxISR_I2S
                0x0000000008003eb8       0x62 ./Drivers/STM32F4xx_HAL_Driver/Src/stm32f4xx_hal_i2s_ex.o
 *fill*         0x0000000008003f1a        0x2 
 .text.I2SEx_TxISR_I2SExt
                0x0000000008003f1c       0x98 ./Drivers/STM32F4xx_HAL_Driver/Src/stm32f4xx_hal_i2s_ex.o
 .text.I2SEx_RxISR_I2S
                0x0000000008003fb4       0x64 ./Drivers/STM32F4xx_HAL_Driver/Src/stm32f4xx_hal_i2s_ex.o
 .text.I2SEx_RxISR_I2SExt
                0x0000000008004018       0x98 ./Drivers/STM32F4xx_HAL_Driver/Src/stm32f4xx_hal_i2s_ex.o
 .text.HAL_RCC_OscConfig
                0x00000000080040b0      0x4f0 ./Drivers/STM32F4xx_HAL_Driver/Src/stm32f4xx_hal_rcc.o
                0x00000000080040b0                HAL_RCC_OscConfig
 .text.HAL_RCC_ClockConfig
                0x00000000080045a0      0x1cc ./Drivers/STM32F4xx_HAL_Driver/Src/stm32f4xx_hal_rcc.o
                0x00000000080045a0                HAL_RCC_ClockConfig
 .text.HAL_RCC_GetSysClockFreq
                0x000000000800476c      0x20c ./Drivers/STM32F4xx_HAL_Driver/Src/stm32f4xx_hal_rcc.o
                0x000000000800476c                HAL_RCC_GetSysClockFreq
 .text.HAL_RCC_GetHCLKFreq
                0x0000000008004978       0x18 ./Drivers/STM32F4xx_HAL_Driver/Src/stm32f4xx_hal_rcc.o
                0x0000000008004978                HAL_RCC_GetHCLKFreq
 .text.HAL_RCC_GetPCLK1Freq
                0x0000000008004990       0x28 ./Drivers/STM32F4xx_HAL_Driver/Src/stm32f4xx_hal_rcc.o
                0x0000000008004990                HAL_RCC_GetPCLK1Freq
 .text.HAL_RCCEx_PeriphCLKConfig
                0x00000000080049b8      0x1c4 ./Drivers/STM32F4xx_HAL_Driver/Src/stm32f4xx_hal_rcc_ex.o
                0x00000000080049b8                HAL_RCCEx_PeriphCLKConfig
 .text.HAL_RCCEx_GetPeriphCLKFreq
                0x0000000008004b7c       0xbc ./Drivers/STM32F4xx_HAL_Driver/Src/stm32f4xx_hal_rcc_ex.o
                0x0000000008004b7c                HAL_RCCEx_GetPeriphCLKFreq
 .text.HAL_SPI_Init
                0x0000000008004c38      0x112 ./Drivers/STM32F4xx_HAL_Driver/Src/stm32f4xx_hal_spi.o
                0x0000000008004c38                HAL_SPI_Init
 .text.HAL_TIM_Base_Init
                0x0000000008004d4a       0x9e ./Drivers/STM32F4xx_HAL_Driver/Src/stm32f4xx_hal_tim.o
                0x0000000008004d4a                HAL_TIM_Base_Init
 .text.TIM_Base_SetConfig
                0x0000000008004de8      0x140 ./Drivers/STM32F4xx_HAL_Driver/Src/stm32f4xx_hal_tim.o
                0x0000000008004de8                TIM_Base_SetConfig
 .text.HAL_TIMEx_MasterConfigSynchronization
                0x0000000008004f28       0xf8 ./Drivers/STM32F4xx_HAL_Driver/Src/stm32f4xx_hal_tim_ex.o
                0x0000000008004f28                HAL_TIMEx_MasterConfigSynchronization
 .text.USB_CoreInit
                0x0000000008005020       0xc2 ./Drivers/STM32F4xx_HAL_Driver/Src/stm32f4xx_ll_usb.o
                0x0000000008005020                USB_CoreInit
 .text.USB_EnableGlobalInt
                0x00000000080050e2       0x22 ./Drivers/STM32F4xx_HAL_Driver/Src/stm32f4xx_ll_usb.o
                0x00000000080050e2                USB_EnableGlobalInt
 .text.USB_DisableGlobalInt
                0x0000000008005104       0x22 ./Drivers/STM32F4xx_HAL_Driver/Src/stm32f4xx_ll_usb.o
                0x0000000008005104                USB_DisableGlobalInt
 .text.USB_SetCurrentMode
                0x0000000008005126       0x98 ./Drivers/STM32F4xx_HAL_Driver/Src/stm32f4xx_ll_usb.o
                0x0000000008005126                USB_SetCurrentMode
 *fill*         0x00000000080051be        0x2 
 .text.USB_FlushTxFifo
                0x00000000080051c0       0x68 ./Drivers/STM32F4xx_HAL_Driver/Src/stm32f4xx_ll_usb.o
                0x00000000080051c0                USB_FlushTxFifo
 .text.USB_FlushRxFifo
                0x0000000008005228       0x60 ./Drivers/STM32F4xx_HAL_Driver/Src/stm32f4xx_ll_usb.o
                0x0000000008005228                USB_FlushRxFifo
 .text.USB_WritePacket
                0x0000000008005288       0x7c ./Drivers/STM32F4xx_HAL_Driver/Src/stm32f4xx_ll_usb.o
                0x0000000008005288                USB_WritePacket
 .text.USB_ReadPacket
                0x0000000008005304       0xb0 ./Drivers/STM32F4xx_HAL_Driver/Src/stm32f4xx_ll_usb.o
                0x0000000008005304                USB_ReadPacket
 .text.USB_ReadInterrupts
                0x00000000080053b4       0x26 ./Drivers/STM32F4xx_HAL_Driver/Src/stm32f4xx_ll_usb.o
                0x00000000080053b4                USB_ReadInterrupts
 .text.USB_GetMode
                0x00000000080053da       0x1c ./Drivers/STM32F4xx_HAL_Driver/Src/stm32f4xx_ll_usb.o
                0x00000000080053da                USB_GetMode
 *fill*         0x00000000080053f6        0x2 
 .text.USB_CoreReset
                0x00000000080053f8       0x68 ./Drivers/STM32F4xx_HAL_Driver/Src/stm32f4xx_ll_usb.o
 .text.USB_HostInit
                0x0000000008005460      0x180 ./Drivers/STM32F4xx_HAL_Driver/Src/stm32f4xx_ll_usb.o
                0x0000000008005460                USB_HostInit
 .text.USB_InitFSLSPClkSel
                0x00000000080055e0       0x74 ./Drivers/STM32F4xx_HAL_Driver/Src/stm32f4xx_ll_usb.o
                0x00000000080055e0                USB_InitFSLSPClkSel
 .text.USB_ResetPort
                0x0000000008005654       0x54 ./Drivers/STM32F4xx_HAL_Driver/Src/stm32f4xx_ll_usb.o
                0x0000000008005654                USB_ResetPort
 .text.USB_DriveVbus
                0x00000000080056a8       0x72 ./Drivers/STM32F4xx_HAL_Driver/Src/stm32f4xx_ll_usb.o
                0x00000000080056a8                USB_DriveVbus
 .text.USB_GetHostSpeed
                0x000000000800571a       0x2e ./Drivers/STM32F4xx_HAL_Driver/Src/stm32f4xx_ll_usb.o
                0x000000000800571a                USB_GetHostSpeed
 .text.USB_GetCurrentFrame
                0x0000000008005748       0x22 ./Drivers/STM32F4xx_HAL_Driver/Src/stm32f4xx_ll_usb.o
                0x0000000008005748                USB_GetCurrentFrame
 *fill*         0x000000000800576a        0x2 
 .text.USB_HC_Init
                0x000000000800576c      0x244 ./Drivers/STM32F4xx_HAL_Driver/Src/stm32f4xx_ll_usb.o
                0x000000000800576c                USB_HC_Init
 .text.USB_HC_StartXfer
                0x00000000080059b0      0x284 ./Drivers/STM32F4xx_HAL_Driver/Src/stm32f4xx_ll_usb.o
                0x00000000080059b0                USB_HC_StartXfer
 .text.USB_HC_ReadInterrupt
                0x0000000008005c34       0x22 ./Drivers/STM32F4xx_HAL_Driver/Src/stm32f4xx_ll_usb.o
                0x0000000008005c34                USB_HC_ReadInterrupt
 .text.USB_HC_Halt
                0x0000000008005c56      0x1f8 ./Drivers/STM32F4xx_HAL_Driver/Src/stm32f4xx_ll_usb.o
                0x0000000008005c56                USB_HC_Halt
 *fill*         0x0000000008005e4e        0x2 
 .text.USB_DoPing
                0x0000000008005e50       0x78 ./Drivers/STM32F4xx_HAL_Driver/Src/stm32f4xx_ll_usb.o
                0x0000000008005e50                USB_DoPing
 .text.USB_StopHost
                0x0000000008005ec8      0x124 ./Drivers/STM32F4xx_HAL_Driver/Src/stm32f4xx_ll_usb.o
                0x0000000008005ec8                USB_StopHost
 .text.USBH_CDC_InterfaceInit
                0x0000000008005fec      0x2ac ./Middlewares/ST/STM32_USB_Host_Library/Class/CDC/Src/usbh_cdc.o
 .text.USBH_CDC_InterfaceDeInit
                0x0000000008006298       0xb2 ./Middlewares/ST/STM32_USB_Host_Library/Class/CDC/Src/usbh_cdc.o
 .text.USBH_CDC_ClassRequest
                0x000000000800634a       0x3e ./Middlewares/ST/STM32_USB_Host_Library/Class/CDC/Src/usbh_cdc.o
 .text.USBH_CDC_Process
                0x0000000008006388      0x12c ./Middlewares/ST/STM32_USB_Host_Library/Class/CDC/Src/usbh_cdc.o
 .text.USBH_CDC_SOFProcess
                0x00000000080064b4       0x16 ./Middlewares/ST/STM32_USB_Host_Library/Class/CDC/Src/usbh_cdc.o
 .text.GetLineCoding
                0x00000000080064ca       0x3e ./Middlewares/ST/STM32_USB_Host_Library/Class/CDC/Src/usbh_cdc.o
 .text.SetLineCoding
                0x0000000008006508       0x3e ./Middlewares/ST/STM32_USB_Host_Library/Class/CDC/Src/usbh_cdc.o
 .text.CDC_ProcessTransmission
                0x0000000008006546      0x124 ./Middlewares/ST/STM32_USB_Host_Library/Class/CDC/Src/usbh_cdc.o
 .text.CDC_ProcessReception
                0x000000000800666a       0xd2 ./Middlewares/ST/STM32_USB_Host_Library/Class/CDC/Src/usbh_cdc.o
 .text.USBH_CDC_TransmitCallback
                0x000000000800673c       0x14 ./Middlewares/ST/STM32_USB_Host_Library/Class/CDC/Src/usbh_cdc.o
                0x000000000800673c                USBH_CDC_TransmitCallback
 .text.USBH_CDC_ReceiveCallback
                0x0000000008006750       0x14 ./Middlewares/ST/STM32_USB_Host_Library/Class/CDC/Src/usbh_cdc.o
                0x0000000008006750                USBH_CDC_ReceiveCallback
 .text.USBH_CDC_LineCodingChanged
                0x0000000008006764       0x14 ./Middlewares/ST/STM32_USB_Host_Library/Class/CDC/Src/usbh_cdc.o
                0x0000000008006764                USBH_CDC_LineCodingChanged
 .text.USBH_Init
                0x0000000008006778       0xb8 ./Middlewares/ST/STM32_USB_Host_Library/Core/Src/usbh_core.o
                0x0000000008006778                USBH_Init
 .text.DeInitStateMachine
                0x0000000008006830       0xa8 ./Middlewares/ST/STM32_USB_Host_Library/Core/Src/usbh_core.o
 .text.USBH_RegisterClass
                0x00000000080068d8       0x54 ./Middlewares/ST/STM32_USB_Host_Library/Core/Src/usbh_core.o
                0x00000000080068d8                USBH_RegisterClass
 .text.USBH_SelectInterface
                0x000000000800692c       0x38 ./Middlewares/ST/STM32_USB_Host_Library/Core/Src/usbh_core.o
                0x000000000800692c                USBH_SelectInterface
 .text.USBH_FindInterface
                0x0000000008006964       0x8c ./Middlewares/ST/STM32_USB_Host_Library/Core/Src/usbh_core.o
                0x0000000008006964                USBH_FindInterface
 .text.USBH_Start
                0x00000000080069f0       0x20 ./Middlewares/ST/STM32_USB_Host_Library/Core/Src/usbh_core.o
                0x00000000080069f0                USBH_Start
 .text.USBH_Process
                0x0000000008006a10      0x4d8 ./Middlewares/ST/STM32_USB_Host_Library/Core/Src/usbh_core.o
                0x0000000008006a10                USBH_Process
 .text.USBH_HandleEnum
                0x0000000008006ee8      0x458 ./Middlewares/ST/STM32_USB_Host_Library/Core/Src/usbh_core.o
 .text.USBH_LL_SetTimer
                0x0000000008007340       0x1e ./Middlewares/ST/STM32_USB_Host_Library/Core/Src/usbh_core.o
                0x0000000008007340                USBH_LL_SetTimer
 .text.USBH_LL_IncTimer
                0x000000000800735e       0x24 ./Middlewares/ST/STM32_USB_Host_Library/Core/Src/usbh_core.o
                0x000000000800735e                USBH_LL_IncTimer
 .text.USBH_HandleSof
                0x0000000008007382       0x30 ./Middlewares/ST/STM32_USB_Host_Library/Core/Src/usbh_core.o
 .text.USBH_LL_PortEnabled
                0x00000000080073b2       0x34 ./Middlewares/ST/STM32_USB_Host_Library/Core/Src/usbh_core.o
                0x00000000080073b2                USBH_LL_PortEnabled
 .text.USBH_LL_PortDisabled
                0x00000000080073e6       0x1c ./Middlewares/ST/STM32_USB_Host_Library/Core/Src/usbh_core.o
                0x00000000080073e6                USBH_LL_PortDisabled
 .text.USBH_LL_Connect
                0x0000000008007402       0x46 ./Middlewares/ST/STM32_USB_Host_Library/Core/Src/usbh_core.o
                0x0000000008007402                USBH_LL_Connect
 .text.USBH_LL_Disconnect
                0x0000000008007448       0x64 ./Middlewares/ST/STM32_USB_Host_Library/Core/Src/usbh_core.o
                0x0000000008007448                USBH_LL_Disconnect
 .text.USBH_Process_OS
                0x00000000080074ac       0x2e ./Middlewares/ST/STM32_USB_Host_Library/Core/Src/usbh_core.o
 .text.USBH_LL_NotifyURBChange
                0x00000000080074da       0x2e ./Middlewares/ST/STM32_USB_Host_Library/Core/Src/usbh_core.o
                0x00000000080074da                USBH_LL_NotifyURBChange
 .text.USBH_Get_DevDesc
                0x0000000008007508       0x50 ./Middlewares/ST/STM32_USB_Host_Library/Core/Src/usbh_ctlreq.o
                0x0000000008007508                USBH_Get_DevDesc
 .text.USBH_Get_CfgDesc
                0x0000000008007558       0x48 ./Middlewares/ST/STM32_USB_Host_Library/Core/Src/usbh_ctlreq.o
                0x0000000008007558                USBH_Get_CfgDesc
 .text.USBH_Get_StringDesc
                0x00000000080075a0       0x56 ./Middlewares/ST/STM32_USB_Host_Library/Core/Src/usbh_ctlreq.o
                0x00000000080075a0                USBH_Get_StringDesc
 .text.USBH_GetDescriptor
                0x00000000080075f6       0x6a ./Middlewares/ST/STM32_USB_Host_Library/Core/Src/usbh_ctlreq.o
                0x00000000080075f6                USBH_GetDescriptor
 .text.USBH_SetAddress
                0x0000000008007660       0x48 ./Middlewares/ST/STM32_USB_Host_Library/Core/Src/usbh_ctlreq.o
                0x0000000008007660                USBH_SetAddress
 .text.USBH_SetCfg
                0x00000000080076a8       0x46 ./Middlewares/ST/STM32_USB_Host_Library/Core/Src/usbh_ctlreq.o
                0x00000000080076a8                USBH_SetCfg
 .text.USBH_SetFeature
                0x00000000080076ee       0x48 ./Middlewares/ST/STM32_USB_Host_Library/Core/Src/usbh_ctlreq.o
                0x00000000080076ee                USBH_SetFeature
 .text.USBH_ClrFeature
                0x0000000008007736       0x48 ./Middlewares/ST/STM32_USB_Host_Library/Core/Src/usbh_ctlreq.o
                0x0000000008007736                USBH_ClrFeature
 .text.USBH_ParseDevDesc
                0x000000000800777e      0x122 ./Middlewares/ST/STM32_USB_Host_Library/Core/Src/usbh_ctlreq.o
 .text.USBH_ParseCfgDesc
                0x00000000080078a0      0x1ec ./Middlewares/ST/STM32_USB_Host_Library/Core/Src/usbh_ctlreq.o
 .text.USBH_ParseInterfaceDesc
                0x0000000008007a8c       0x5e ./Middlewares/ST/STM32_USB_Host_Library/Core/Src/usbh_ctlreq.o
 .text.USBH_ParseEPDesc
                0x0000000008007aea      0x14a ./Middlewares/ST/STM32_USB_Host_Library/Core/Src/usbh_ctlreq.o
 .text.USBH_ParseStringDesc
                0x0000000008007c34       0x66 ./Middlewares/ST/STM32_USB_Host_Library/Core/Src/usbh_ctlreq.o
 .text.USBH_GetNextDesc
                0x0000000008007c9a       0x36 ./Middlewares/ST/STM32_USB_Host_Library/Core/Src/usbh_ctlreq.o
                0x0000000008007c9a                USBH_GetNextDesc
 .text.USBH_CtlReq
                0x0000000008007cd0       0xb2 ./Middlewares/ST/STM32_USB_Host_Library/Core/Src/usbh_ctlreq.o
                0x0000000008007cd0                USBH_CtlReq
 *fill*         0x0000000008007d82        0x2 
 .text.USBH_HandleControl
                0x0000000008007d84      0x490 ./Middlewares/ST/STM32_USB_Host_Library/Core/Src/usbh_ctlreq.o
 .text.USBH_CtlSendSetup
                0x0000000008008214       0x34 ./Middlewares/ST/STM32_USB_Host_Library/Core/Src/usbh_ioreq.o
                0x0000000008008214                USBH_CtlSendSetup
 .text.USBH_CtlSendData
                0x0000000008008248       0x4a ./Middlewares/ST/STM32_USB_Host_Library/Core/Src/usbh_ioreq.o
                0x0000000008008248                USBH_CtlSendData
 .text.USBH_CtlReceiveData
                0x0000000008008292       0x3c ./Middlewares/ST/STM32_USB_Host_Library/Core/Src/usbh_ioreq.o
                0x0000000008008292                USBH_CtlReceiveData
 .text.USBH_BulkSendData
                0x00000000080082ce       0x4a ./Middlewares/ST/STM32_USB_Host_Library/Core/Src/usbh_ioreq.o
                0x00000000080082ce                USBH_BulkSendData
 .text.USBH_BulkReceiveData
                0x0000000008008318       0x3c ./Middlewares/ST/STM32_USB_Host_Library/Core/Src/usbh_ioreq.o
                0x0000000008008318                USBH_BulkReceiveData
 .text.USBH_OpenPipe
                0x0000000008008354       0x3e ./Middlewares/ST/STM32_USB_Host_Library/Core/Src/usbh_pipes.o
                0x0000000008008354                USBH_OpenPipe
 .text.USBH_ClosePipe
                0x0000000008008392       0x20 ./Middlewares/ST/STM32_USB_Host_Library/Core/Src/usbh_pipes.o
                0x0000000008008392                USBH_ClosePipe
 .text.USBH_AllocPipe
                0x00000000080083b2       0x42 ./Middlewares/ST/STM32_USB_Host_Library/Core/Src/usbh_pipes.o
                0x00000000080083b2                USBH_AllocPipe
 .text.USBH_FreePipe
                0x00000000080083f4       0x3c ./Middlewares/ST/STM32_USB_Host_Library/Core/Src/usbh_pipes.o
                0x00000000080083f4                USBH_FreePipe
 .text.USBH_GetFreePipe
                0x0000000008008430       0x48 ./Middlewares/ST/STM32_USB_Host_Library/Core/Src/usbh_pipes.o
 .text.__NVIC_SetPriority
                0x0000000008008478       0x54 ./Middlewares/Third_Party/FreeRTOS/Source/CMSIS_RTOS_V2/cmsis_os2.o
 .text.SVC_Setup
                0x00000000080084cc       0x12 ./Middlewares/Third_Party/FreeRTOS/Source/CMSIS_RTOS_V2/cmsis_os2.o
 *fill*         0x00000000080084de        0x2 
 .text.osKernelInitialize
                0x00000000080084e0       0x48 ./Middlewares/Third_Party/FreeRTOS/Source/CMSIS_RTOS_V2/cmsis_os2.o
                0x00000000080084e0                osKernelInitialize
 .text.osKernelStart
                0x0000000008008528       0x4c ./Middlewares/Third_Party/FreeRTOS/Source/CMSIS_RTOS_V2/cmsis_os2.o
                0x0000000008008528                osKernelStart
 .text.osThreadNew
                0x0000000008008574      0x124 ./Middlewares/Third_Party/FreeRTOS/Source/CMSIS_RTOS_V2/cmsis_os2.o
                0x0000000008008574                osThreadNew
 .text.osDelay  0x0000000008008698       0x36 ./Middlewares/Third_Party/FreeRTOS/Source/CMSIS_RTOS_V2/cmsis_os2.o
                0x0000000008008698                osDelay
 .text.TimerCallback
                0x00000000080086ce       0x2a ./Middlewares/Third_Party/FreeRTOS/Source/CMSIS_RTOS_V2/cmsis_os2.o
 .text.osTimerNew
                0x00000000080086f8       0xf8 ./Middlewares/Third_Party/FreeRTOS/Source/CMSIS_RTOS_V2/cmsis_os2.o
                0x00000000080086f8                osTimerNew
 .text.osTimerStart
                0x00000000080087f0       0x5c ./Middlewares/Third_Party/FreeRTOS/Source/CMSIS_RTOS_V2/cmsis_os2.o
                0x00000000080087f0                osTimerStart
 .text.osMessageQueueNew
                0x000000000800884c       0xe6 ./Middlewares/Third_Party/FreeRTOS/Source/CMSIS_RTOS_V2/cmsis_os2.o
                0x000000000800884c                osMessageQueueNew
 *fill*         0x0000000008008932        0x2 
 .text.osMessageQueuePut
                0x0000000008008934       0xc0 ./Middlewares/Third_Party/FreeRTOS/Source/CMSIS_RTOS_V2/cmsis_os2.o
                0x0000000008008934                osMessageQueuePut
 .text.osMessageQueueGet
                0x00000000080089f4       0xbc ./Middlewares/Third_Party/FreeRTOS/Source/CMSIS_RTOS_V2/cmsis_os2.o
                0x00000000080089f4                osMessageQueueGet
 .text.vApplicationGetIdleTaskMemory
                0x0000000008008ab0       0x34 ./Middlewares/Third_Party/FreeRTOS/Source/CMSIS_RTOS_V2/cmsis_os2.o
                0x0000000008008ab0                vApplicationGetIdleTaskMemory
 .text.vApplicationGetTimerTaskMemory
                0x0000000008008ae4       0x34 ./Middlewares/Third_Party/FreeRTOS/Source/CMSIS_RTOS_V2/cmsis_os2.o
                0x0000000008008ae4                vApplicationGetTimerTaskMemory
 .text.vListInitialise
                0x0000000008008b18       0x40 ./Middlewares/Third_Party/FreeRTOS/Source/list.o
                0x0000000008008b18                vListInitialise
 .text.vListInitialiseItem
                0x0000000008008b58       0x1a ./Middlewares/Third_Party/FreeRTOS/Source/list.o
                0x0000000008008b58                vListInitialiseItem
 .text.vListInsertEnd
                0x0000000008008b72       0x48 ./Middlewares/Third_Party/FreeRTOS/Source/list.o
                0x0000000008008b72                vListInsertEnd
 .text.vListInsert
                0x0000000008008bba       0x72 ./Middlewares/Third_Party/FreeRTOS/Source/list.o
                0x0000000008008bba                vListInsert
 .text.uxListRemove
                0x0000000008008c2c       0x54 ./Middlewares/Third_Party/FreeRTOS/Source/list.o
                0x0000000008008c2c                uxListRemove
 .text.xQueueGenericReset
                0x0000000008008c80       0xd0 ./Middlewares/Third_Party/FreeRTOS/Source/queue.o
                0x0000000008008c80                xQueueGenericReset
 .text.xQueueGenericCreateStatic
                0x0000000008008d50       0xf0 ./Middlewares/Third_Party/FreeRTOS/Source/queue.o
                0x0000000008008d50                xQueueGenericCreateStatic
 .text.xQueueGenericCreate
                0x0000000008008e40       0x74 ./Middlewares/Third_Party/FreeRTOS/Source/queue.o
                0x0000000008008e40                xQueueGenericCreate
 .text.prvInitialiseNewQueue
                0x0000000008008eb4       0x46 ./Middlewares/Third_Party/FreeRTOS/Source/queue.o
 *fill*         0x0000000008008efa        0x2 
 .text.xQueueGenericSend
                0x0000000008008efc      0x1fc ./Middlewares/Third_Party/FreeRTOS/Source/queue.o
                0x0000000008008efc                xQueueGenericSend
 .text.xQueueGenericSendFromISR
                0x00000000080090f8      0x136 ./Middlewares/Third_Party/FreeRTOS/Source/queue.o
                0x00000000080090f8                xQueueGenericSendFromISR
 *fill*         0x000000000800922e        0x2 
 .text.xQueueReceive
                0x0000000008009230      0x1c0 ./Middlewares/Third_Party/FreeRTOS/Source/queue.o
                0x0000000008009230                xQueueReceive
 .text.xQueueReceiveFromISR
                0x00000000080093f0      0x100 ./Middlewares/Third_Party/FreeRTOS/Source/queue.o
                0x00000000080093f0                xQueueReceiveFromISR
 .text.prvCopyDataToQueue
                0x00000000080094f0       0xd4 ./Middlewares/Third_Party/FreeRTOS/Source/queue.o
 .text.prvCopyDataFromQueue
                0x00000000080095c4       0x4c ./Middlewares/Third_Party/FreeRTOS/Source/queue.o
 .text.prvUnlockQueue
                0x0000000008009610       0xa4 ./Middlewares/Third_Party/FreeRTOS/Source/queue.o
 .text.prvIsQueueEmpty
                0x00000000080096b4       0x2c ./Middlewares/Third_Party/FreeRTOS/Source/queue.o
 .text.prvIsQueueFull
                0x00000000080096e0       0x30 ./Middlewares/Third_Party/FreeRTOS/Source/queue.o
 .text.vQueueAddToRegistry
                0x0000000008009710       0x54 ./Middlewares/Third_Party/FreeRTOS/Source/queue.o
                0x0000000008009710                vQueueAddToRegistry
 .text.vQueueWaitForMessageRestricted
                0x0000000008009764       0x68 ./Middlewares/Third_Party/FreeRTOS/Source/queue.o
                0x0000000008009764                vQueueWaitForMessageRestricted
 .text.xTaskCreateStatic
                0x00000000080097cc       0xba ./Middlewares/Third_Party/FreeRTOS/Source/tasks.o
                0x00000000080097cc                xTaskCreateStatic
 .text.xTaskCreate
                0x0000000008009886       0x8a ./Middlewares/Third_Party/FreeRTOS/Source/tasks.o
                0x0000000008009886                xTaskCreate
 .text.prvInitialiseNewTask
                0x0000000008009910      0x11e ./Middlewares/Third_Party/FreeRTOS/Source/tasks.o
 *fill*         0x0000000008009a2e        0x2 
 .text.prvAddNewTaskToReadyList
                0x0000000008009a30       0xe0 ./Middlewares/Third_Party/FreeRTOS/Source/tasks.o
 .text.vTaskDelay
                0x0000000008009b10       0x68 ./Middlewares/Third_Party/FreeRTOS/Source/tasks.o
                0x0000000008009b10                vTaskDelay
 .text.vTaskStartScheduler
                0x0000000008009b78       0xcc ./Middlewares/Third_Party/FreeRTOS/Source/tasks.o
                0x0000000008009b78                vTaskStartScheduler
 .text.vTaskSuspendAll
                0x0000000008009c44       0x1c ./Middlewares/Third_Party/FreeRTOS/Source/tasks.o
                0x0000000008009c44                vTaskSuspendAll
 .text.xTaskResumeAll
                0x0000000008009c60      0x13c ./Middlewares/Third_Party/FreeRTOS/Source/tasks.o
                0x0000000008009c60                xTaskResumeAll
 .text.xTaskGetTickCount
                0x0000000008009d9c       0x20 ./Middlewares/Third_Party/FreeRTOS/Source/tasks.o
                0x0000000008009d9c                xTaskGetTickCount
 .text.xTaskIncrementTick
                0x0000000008009dbc      0x174 ./Middlewares/Third_Party/FreeRTOS/Source/tasks.o
                0x0000000008009dbc                xTaskIncrementTick
 .text.vTaskSwitchContext
                0x0000000008009f30       0xbc ./Middlewares/Third_Party/FreeRTOS/Source/tasks.o
                0x0000000008009f30                vTaskSwitchContext
 .text.vTaskPlaceOnEventList
                0x0000000008009fec       0x48 ./Middlewares/Third_Party/FreeRTOS/Source/tasks.o
                0x0000000008009fec                vTaskPlaceOnEventList
 .text.vTaskPlaceOnEventListRestricted
                0x000000000800a034       0x58 ./Middlewares/Third_Party/FreeRTOS/Source/tasks.o
                0x000000000800a034                vTaskPlaceOnEventListRestricted
 .text.xTaskRemoveFromEventList
                0x000000000800a08c       0xc8 ./Middlewares/Third_Party/FreeRTOS/Source/tasks.o
                0x000000000800a08c                xTaskRemoveFromEventList
 .text.vTaskInternalSetTimeOutState
                0x000000000800a154       0x2c ./Middlewares/Third_Party/FreeRTOS/Source/tasks.o
                0x000000000800a154                vTaskInternalSetTimeOutState
 .text.xTaskCheckForTimeOut
                0x000000000800a180       0xc4 ./Middlewares/Third_Party/FreeRTOS/Source/tasks.o
                0x000000000800a180                xTaskCheckForTimeOut
 .text.vTaskMissedYield
                0x000000000800a244       0x18 ./Middlewares/Third_Party/FreeRTOS/Source/tasks.o
                0x000000000800a244                vTaskMissedYield
 .text.prvIdleTask
                0x000000000800a25c       0x30 ./Middlewares/Third_Party/FreeRTOS/Source/tasks.o
 .text.prvInitialiseTaskLists
                0x000000000800a28c       0x80 ./Middlewares/Third_Party/FreeRTOS/Source/tasks.o
 .text.prvCheckTasksWaitingTermination
                0x000000000800a30c       0x5c ./Middlewares/Third_Party/FreeRTOS/Source/tasks.o
 .text.prvDeleteTCB
                0x000000000800a368       0x5e ./Middlewares/Third_Party/FreeRTOS/Source/tasks.o
 *fill*         0x000000000800a3c6        0x2 
 .text.prvResetNextTaskUnblockTime
                0x000000000800a3c8       0x40 ./Middlewares/Third_Party/FreeRTOS/Source/tasks.o
 .text.xTaskGetSchedulerState
                0x000000000800a408       0x3c ./Middlewares/Third_Party/FreeRTOS/Source/tasks.o
                0x000000000800a408                xTaskGetSchedulerState
 .text.xTaskPriorityDisinherit
                0x000000000800a444       0xdc ./Middlewares/Third_Party/FreeRTOS/Source/tasks.o
                0x000000000800a444                xTaskPriorityDisinherit
 .text.prvAddCurrentTaskToDelayedList
                0x000000000800a520       0xa8 ./Middlewares/Third_Party/FreeRTOS/Source/tasks.o
 .text.xTimerCreateTimerTask
                0x000000000800a5c8       0x90 ./Middlewares/Third_Party/FreeRTOS/Source/timers.o
                0x000000000800a5c8                xTimerCreateTimerTask
 .text.xTimerCreate
                0x000000000800a658       0x42 ./Middlewares/Third_Party/FreeRTOS/Source/timers.o
                0x000000000800a658                xTimerCreate
 .text.xTimerCreateStatic
                0x000000000800a69a       0x7c ./Middlewares/Third_Party/FreeRTOS/Source/timers.o
                0x000000000800a69a                xTimerCreateStatic
 .text.prvInitialiseNewTimer
                0x000000000800a716       0x76 ./Middlewares/Third_Party/FreeRTOS/Source/timers.o
 .text.xTimerGenericCommand
                0x000000000800a78c       0x9c ./Middlewares/Third_Party/FreeRTOS/Source/timers.o
                0x000000000800a78c                xTimerGenericCommand
 .text.prvProcessExpiredTimer
                0x000000000800a828       0x98 ./Middlewares/Third_Party/FreeRTOS/Source/timers.o
 .text.prvTimerTask
                0x000000000800a8c0       0x24 ./Middlewares/Third_Party/FreeRTOS/Source/timers.o
 .text.prvProcessTimerOrBlockTask
                0x000000000800a8e4       0x9c ./Middlewares/Third_Party/FreeRTOS/Source/timers.o
 .text.prvGetNextExpireTime
                0x000000000800a980       0x48 ./Middlewares/Third_Party/FreeRTOS/Source/timers.o
 .text.prvSampleTimeNow
                0x000000000800a9c8       0x40 ./Middlewares/Third_Party/FreeRTOS/Source/timers.o
 .text.prvInsertTimerInActiveList
                0x000000000800aa08       0x84 ./Middlewares/Third_Party/FreeRTOS/Source/timers.o
 .text.prvProcessReceivedCommands
                0x000000000800aa8c      0x1c4 ./Middlewares/Third_Party/FreeRTOS/Source/timers.o
 .text.prvSwitchTimerLists
                0x000000000800ac50       0xc8 ./Middlewares/Third_Party/FreeRTOS/Source/timers.o
 .text.prvCheckForValidListAndQueue
                0x000000000800ad18       0x80 ./Middlewares/Third_Party/FreeRTOS/Source/timers.o
 .text.pvTimerGetTimerID
                0x000000000800ad98       0x40 ./Middlewares/Third_Party/FreeRTOS/Source/timers.o
                0x000000000800ad98                pvTimerGetTimerID
 .text.pxPortInitialiseStack
                0x000000000800add8       0x68 ./Middlewares/Third_Party/FreeRTOS/Source/portable/GCC/ARM_CM4F/port.o
                0x000000000800add8                pxPortInitialiseStack
 .text.prvTaskExitError
                0x000000000800ae40       0x58 ./Middlewares/Third_Party/FreeRTOS/Source/portable/GCC/ARM_CM4F/port.o
 *fill*         0x000000000800ae98        0x8 
 .text.SVC_Handler
                0x000000000800aea0       0x28 ./Middlewares/Third_Party/FreeRTOS/Source/portable/GCC/ARM_CM4F/port.o
                0x000000000800aea0                SVC_Handler
 .text.prvPortStartFirstTask
                0x000000000800aec8       0x28 ./Middlewares/Third_Party/FreeRTOS/Source/portable/GCC/ARM_CM4F/port.o
 .text.xPortStartScheduler
                0x000000000800aef0      0x144 ./Middlewares/Third_Party/FreeRTOS/Source/portable/GCC/ARM_CM4F/port.o
                0x000000000800aef0                xPortStartScheduler
 .text.vPortEnterCritical
                0x000000000800b034       0x60 ./Middlewares/Third_Party/FreeRTOS/Source/portable/GCC/ARM_CM4F/port.o
                0x000000000800b034                vPortEnterCritical
 .text.vPortExitCritical
                0x000000000800b094       0x54 ./Middlewares/Third_Party/FreeRTOS/Source/portable/GCC/ARM_CM4F/port.o
                0x000000000800b094                vPortExitCritical
 *fill*         0x000000000800b0e8        0x8 
 .text.PendSV_Handler
                0x000000000800b0f0       0x68 ./Middlewares/Third_Party/FreeRTOS/Source/portable/GCC/ARM_CM4F/port.o
                0x000000000800b0f0                PendSV_Handler
 .text.xPortSysTickHandler
                0x000000000800b158       0x44 ./Middlewares/Third_Party/FreeRTOS/Source/portable/GCC/ARM_CM4F/port.o
                0x000000000800b158                xPortSysTickHandler
 .text.vPortSetupTimerInterrupt
                0x000000000800b19c       0x48 ./Middlewares/Third_Party/FreeRTOS/Source/portable/GCC/ARM_CM4F/port.o
                0x000000000800b19c                vPortSetupTimerInterrupt
 .text.vPortEnableVFP
                0x000000000800b1e4       0x14 ./Middlewares/Third_Party/FreeRTOS/Source/portable/GCC/ARM_CM4F/port.o
 .text.vPortValidateInterruptPriority
                0x000000000800b1f8       0x80 ./Middlewares/Third_Party/FreeRTOS/Source/portable/GCC/ARM_CM4F/port.o
                0x000000000800b1f8                vPortValidateInterruptPriority
 .text.pvPortMalloc
                0x000000000800b278      0x198 ./Middlewares/Third_Party/FreeRTOS/Source/portable/MemMang/heap_4.o
                0x000000000800b278                pvPortMalloc
 .text.vPortFree
                0x000000000800b410       0xc4 ./Middlewares/Third_Party/FreeRTOS/Source/portable/MemMang/heap_4.o
                0x000000000800b410                vPortFree
 .text.prvHeapInit
                0x000000000800b4d4       0xc4 ./Middlewares/Third_Party/FreeRTOS/Source/portable/MemMang/heap_4.o
 .text.prvInsertBlockIntoFreeList
                0x000000000800b598       0xb4 ./Middlewares/Third_Party/FreeRTOS/Source/portable/MemMang/heap_4.o
 .text.MX_USB_HOST_Init
                0x000000000800b64c       0x4c ./USB_HOST/App/usb_host.o
                0x000000000800b64c                MX_USB_HOST_Init
 .text.USBH_UserProcess
                0x000000000800b698       0x5c ./USB_HOST/App/usb_host.o
 .text.HAL_HCD_MspInit
                0x000000000800b6f4       0xc4 ./USB_HOST/Target/usbh_conf.o
                0x000000000800b6f4                HAL_HCD_MspInit
 .text.HAL_HCD_SOF_Callback
                0x000000000800b7b8       0x1c ./USB_HOST/Target/usbh_conf.o
                0x000000000800b7b8                HAL_HCD_SOF_Callback
 .text.HAL_HCD_Connect_Callback
                0x000000000800b7d4       0x1c ./USB_HOST/Target/usbh_conf.o
                0x000000000800b7d4                HAL_HCD_Connect_Callback
 .text.HAL_HCD_Disconnect_Callback
                0x000000000800b7f0       0x1c ./USB_HOST/Target/usbh_conf.o
                0x000000000800b7f0                HAL_HCD_Disconnect_Callback
 .text.HAL_HCD_HC_NotifyURBChange_Callback
                0x000000000800b80c       0x24 ./USB_HOST/Target/usbh_conf.o
                0x000000000800b80c                HAL_HCD_HC_NotifyURBChange_Callback
 .text.HAL_HCD_PortEnabled_Callback
                0x000000000800b830       0x1c ./USB_HOST/Target/usbh_conf.o
                0x000000000800b830                HAL_HCD_PortEnabled_Callback
 .text.HAL_HCD_PortDisabled_Callback
                0x000000000800b84c       0x1c ./USB_HOST/Target/usbh_conf.o
                0x000000000800b84c                HAL_HCD_PortDisabled_Callback
 .text.USBH_LL_Init
                0x000000000800b868       0x78 ./USB_HOST/Target/usbh_conf.o
                0x000000000800b868                USBH_LL_Init
 .text.USBH_LL_Start
                0x000000000800b8e0       0x36 ./USB_HOST/Target/usbh_conf.o
                0x000000000800b8e0                USBH_LL_Start
 .text.USBH_LL_Stop
                0x000000000800b916       0x36 ./USB_HOST/Target/usbh_conf.o
                0x000000000800b916                USBH_LL_Stop
 .text.USBH_LL_GetSpeed
                0x000000000800b94c       0x4e ./USB_HOST/Target/usbh_conf.o
                0x000000000800b94c                USBH_LL_GetSpeed
 .text.USBH_LL_ResetPort
                0x000000000800b99a       0x36 ./USB_HOST/Target/usbh_conf.o
                0x000000000800b99a                USBH_LL_ResetPort
 .text.USBH_LL_GetLastXferSize
                0x000000000800b9d0       0x26 ./USB_HOST/Target/usbh_conf.o
                0x000000000800b9d0                USBH_LL_GetLastXferSize
 .text.USBH_LL_OpenPipe
                0x000000000800b9f6       0x5e ./USB_HOST/Target/usbh_conf.o
                0x000000000800b9f6                USBH_LL_OpenPipe
 .text.USBH_LL_ClosePipe
                0x000000000800ba54       0x3e ./USB_HOST/Target/usbh_conf.o
                0x000000000800ba54                USBH_LL_ClosePipe
 .text.USBH_LL_SubmitURB
                0x000000000800ba92       0x62 ./USB_HOST/Target/usbh_conf.o
                0x000000000800ba92                USBH_LL_SubmitURB
 .text.USBH_LL_GetURBState
                0x000000000800baf4       0x26 ./USB_HOST/Target/usbh_conf.o
                0x000000000800baf4                USBH_LL_GetURBState
 .text.USBH_LL_DriverVBUS
                0x000000000800bb1a       0x2e ./USB_HOST/Target/usbh_conf.o
                0x000000000800bb1a                USBH_LL_DriverVBUS
 .text.USBH_LL_SetToggle
                0x000000000800bb48       0x60 ./USB_HOST/Target/usbh_conf.o
                0x000000000800bb48                USBH_LL_SetToggle
 .text.USBH_Delay
                0x000000000800bba8       0x16 ./USB_HOST/Target/usbh_conf.o
                0x000000000800bba8                USBH_Delay
 *fill*         0x000000000800bbbe        0x2 
 .text.USBH_Get_USB_Status
                0x000000000800bbc0       0x58 ./USB_HOST/Target/usbh_conf.o
                0x000000000800bbc0                USBH_Get_USB_Status
 .text.MX_DriverVbusFS
                0x000000000800bc18       0x38 ./USB_HOST/Target/usbh_platform.o
                0x000000000800bc18                MX_DriverVbusFS
 .text.__errno  0x000000000800bc50        0xc c:/st/stm32cubeide_1.10.1/stm32cubeide/plugins/com.st.stm32cube.ide.mcu.externaltools.gnu-tools-for-stm32.10.3-2021.10.win32_1.0.0.202111181127/tools/bin/../lib/gcc/arm-none-eabi/10.3.1/../../../../arm-none-eabi/lib/thumb/v7e-m+fp/hard\libc_nano.a(lib_a-errno.o)
                0x000000000800bc50                __errno
 .text.__libc_init_array
                0x000000000800bc5c       0x48 c:/st/stm32cubeide_1.10.1/stm32cubeide/plugins/com.st.stm32cube.ide.mcu.externaltools.gnu-tools-for-stm32.10.3-2021.10.win32_1.0.0.202111181127/tools/bin/../lib/gcc/arm-none-eabi/10.3.1/../../../../arm-none-eabi/lib/thumb/v7e-m+fp/hard\libc_nano.a(lib_a-init.o)
                0x000000000800bc5c                __libc_init_array
 .text.malloc   0x000000000800bca4       0x10 c:/st/stm32cubeide_1.10.1/stm32cubeide/plugins/com.st.stm32cube.ide.mcu.externaltools.gnu-tools-for-stm32.10.3-2021.10.win32_1.0.0.202111181127/tools/bin/../lib/gcc/arm-none-eabi/10.3.1/../../../../arm-none-eabi/lib/thumb/v7e-m+fp/hard\libc_nano.a(lib_a-malloc.o)
                0x000000000800bca4                malloc
 .text.free     0x000000000800bcb4       0x10 c:/st/stm32cubeide_1.10.1/stm32cubeide/plugins/com.st.stm32cube.ide.mcu.externaltools.gnu-tools-for-stm32.10.3-2021.10.win32_1.0.0.202111181127/tools/bin/../lib/gcc/arm-none-eabi/10.3.1/../../../../arm-none-eabi/lib/thumb/v7e-m+fp/hard\libc_nano.a(lib_a-malloc.o)
                0x000000000800bcb4                free
 .text.memcpy   0x000000000800bcc4       0x1c c:/st/stm32cubeide_1.10.1/stm32cubeide/plugins/com.st.stm32cube.ide.mcu.externaltools.gnu-tools-for-stm32.10.3-2021.10.win32_1.0.0.202111181127/tools/bin/../lib/gcc/arm-none-eabi/10.3.1/../../../../arm-none-eabi/lib/thumb/v7e-m+fp/hard\libc_nano.a(lib_a-memcpy-stub.o)
                0x000000000800bcc4                memcpy
 .text.memset   0x000000000800bce0       0x10 c:/st/stm32cubeide_1.10.1/stm32cubeide/plugins/com.st.stm32cube.ide.mcu.externaltools.gnu-tools-for-stm32.10.3-2021.10.win32_1.0.0.202111181127/tools/bin/../lib/gcc/arm-none-eabi/10.3.1/../../../../arm-none-eabi/lib/thumb/v7e-m+fp/hard\libc_nano.a(lib_a-memset.o)
                0x000000000800bce0                memset
 .text._free_r  0x000000000800bcf0       0x98 c:/st/stm32cubeide_1.10.1/stm32cubeide/plugins/com.st.stm32cube.ide.mcu.externaltools.gnu-tools-for-stm32.10.3-2021.10.win32_1.0.0.202111181127/tools/bin/../lib/gcc/arm-none-eabi/10.3.1/../../../../arm-none-eabi/lib/thumb/v7e-m+fp/hard\libc_nano.a(lib_a-nano-freer.o)
                0x000000000800bcf0                _free_r
 .text.sbrk_aligned
                0x000000000800bd88       0x40 c:/st/stm32cubeide_1.10.1/stm32cubeide/plugins/com.st.stm32cube.ide.mcu.externaltools.gnu-tools-for-stm32.10.3-2021.10.win32_1.0.0.202111181127/tools/bin/../lib/gcc/arm-none-eabi/10.3.1/../../../../arm-none-eabi/lib/thumb/v7e-m+fp/hard\libc_nano.a(lib_a-nano-mallocr.o)
 .text._malloc_r
                0x000000000800bdc8       0xe8 c:/st/stm32cubeide_1.10.1/stm32cubeide/plugins/com.st.stm32cube.ide.mcu.externaltools.gnu-tools-for-stm32.10.3-2021.10.win32_1.0.0.202111181127/tools/bin/../lib/gcc/arm-none-eabi/10.3.1/../../../../arm-none-eabi/lib/thumb/v7e-m+fp/hard\libc_nano.a(lib_a-nano-mallocr.o)
                0x000000000800bdc8                _malloc_r
 .text._sbrk_r  0x000000000800beb0       0x20 c:/st/stm32cubeide_1.10.1/stm32cubeide/plugins/com.st.stm32cube.ide.mcu.externaltools.gnu-tools-for-stm32.10.3-2021.10.win32_1.0.0.202111181127/tools/bin/../lib/gcc/arm-none-eabi/10.3.1/../../../../arm-none-eabi/lib/thumb/v7e-m+fp/hard\libc_nano.a(lib_a-sbrkr.o)
                0x000000000800beb0                _sbrk_r
 .text.sprintf  0x000000000800bed0       0x40 c:/st/stm32cubeide_1.10.1/stm32cubeide/plugins/com.st.stm32cube.ide.mcu.externaltools.gnu-tools-for-stm32.10.3-2021.10.win32_1.0.0.202111181127/tools/bin/../lib/gcc/arm-none-eabi/10.3.1/../../../../arm-none-eabi/lib/thumb/v7e-m+fp/hard\libc_nano.a(lib_a-sprintf.o)
                0x000000000800bed0                siprintf
                0x000000000800bed0                sprintf
 .text.__malloc_lock
                0x000000000800bf10        0xc c:/st/stm32cubeide_1.10.1/stm32cubeide/plugins/com.st.stm32cube.ide.mcu.externaltools.gnu-tools-for-stm32.10.3-2021.10.win32_1.0.0.202111181127/tools/bin/../lib/gcc/arm-none-eabi/10.3.1/../../../../arm-none-eabi/lib/thumb/v7e-m+fp/hard\libc_nano.a(lib_a-mlock.o)
                0x000000000800bf10                __malloc_lock
 .text.__malloc_unlock
                0x000000000800bf1c        0xc c:/st/stm32cubeide_1.10.1/stm32cubeide/plugins/com.st.stm32cube.ide.mcu.externaltools.gnu-tools-for-stm32.10.3-2021.10.win32_1.0.0.202111181127/tools/bin/../lib/gcc/arm-none-eabi/10.3.1/../../../../arm-none-eabi/lib/thumb/v7e-m+fp/hard\libc_nano.a(lib_a-mlock.o)
                0x000000000800bf1c                __malloc_unlock
 .text.__ssputs_r
                0x000000000800bf28       0xb6 c:/st/stm32cubeide_1.10.1/stm32cubeide/plugins/com.st.stm32cube.ide.mcu.externaltools.gnu-tools-for-stm32.10.3-2021.10.win32_1.0.0.202111181127/tools/bin/../lib/gcc/arm-none-eabi/10.3.1/../../../../arm-none-eabi/lib/thumb/v7e-m+fp/hard\libc_nano.a(lib_a-nano-svfprintf.o)
                0x000000000800bf28                __ssputs_r
 *fill*         0x000000000800bfde        0x2 
 .text._svfprintf_r
                0x000000000800bfe0      0x200 c:/st/stm32cubeide_1.10.1/stm32cubeide/plugins/com.st.stm32cube.ide.mcu.externaltools.gnu-tools-for-stm32.10.3-2021.10.win32_1.0.0.202111181127/tools/bin/../lib/gcc/arm-none-eabi/10.3.1/../../../../arm-none-eabi/lib/thumb/v7e-m+fp/hard\libc_nano.a(lib_a-nano-svfprintf.o)
                0x000000000800bfe0                _svfiprintf_r
                0x000000000800bfe0                _svfprintf_r
 .text._printf_common
                0x000000000800c1e0       0xda c:/st/stm32cubeide_1.10.1/stm32cubeide/plugins/com.st.stm32cube.ide.mcu.externaltools.gnu-tools-for-stm32.10.3-2021.10.win32_1.0.0.202111181127/tools/bin/../lib/gcc/arm-none-eabi/10.3.1/../../../../arm-none-eabi/lib/thumb/v7e-m+fp/hard\libc_nano.a(lib_a-nano-vfprintf_i.o)
                0x000000000800c1e0                _printf_common
 *fill*         0x000000000800c2ba        0x2 
 .text._printf_i
                0x000000000800c2bc      0x24c c:/st/stm32cubeide_1.10.1/stm32cubeide/plugins/com.st.stm32cube.ide.mcu.externaltools.gnu-tools-for-stm32.10.3-2021.10.win32_1.0.0.202111181127/tools/bin/../lib/gcc/arm-none-eabi/10.3.1/../../../../arm-none-eabi/lib/thumb/v7e-m+fp/hard\libc_nano.a(lib_a-nano-vfprintf_i.o)
                0x000000000800c2bc                _printf_i
 .text.__retarget_lock_acquire_recursive
                0x000000000800c508        0x2 c:/st/stm32cubeide_1.10.1/stm32cubeide/plugins/com.st.stm32cube.ide.mcu.externaltools.gnu-tools-for-stm32.10.3-2021.10.win32_1.0.0.202111181127/tools/bin/../lib/gcc/arm-none-eabi/10.3.1/../../../../arm-none-eabi/lib/thumb/v7e-m+fp/hard\libc_nano.a(lib_a-lock.o)
                0x000000000800c508                __retarget_lock_acquire_recursive
 .text.__retarget_lock_release_recursive
                0x000000000800c50a        0x2 c:/st/stm32cubeide_1.10.1/stm32cubeide/plugins/com.st.stm32cube.ide.mcu.externaltools.gnu-tools-for-stm32.10.3-2021.10.win32_1.0.0.202111181127/tools/bin/../lib/gcc/arm-none-eabi/10.3.1/../../../../arm-none-eabi/lib/thumb/v7e-m+fp/hard\libc_nano.a(lib_a-lock.o)
                0x000000000800c50a                __retarget_lock_release_recursive
 .text.memmove  0x000000000800c50c       0x34 c:/st/stm32cubeide_1.10.1/stm32cubeide/plugins/com.st.stm32cube.ide.mcu.externaltools.gnu-tools-for-stm32.10.3-2021.10.win32_1.0.0.202111181127/tools/bin/../lib/gcc/arm-none-eabi/10.3.1/../../../../arm-none-eabi/lib/thumb/v7e-m+fp/hard\libc_nano.a(lib_a-memmove.o)
                0x000000000800c50c                memmove
 .text._realloc_r
                0x000000000800c540       0x5e c:/st/stm32cubeide_1.10.1/stm32cubeide/plugins/com.st.stm32cube.ide.mcu.externaltools.gnu-tools-for-stm32.10.3-2021.10.win32_1.0.0.202111181127/tools/bin/../lib/gcc/arm-none-eabi/10.3.1/../../../../arm-none-eabi/lib/thumb/v7e-m+fp/hard\libc_nano.a(lib_a-nano-reallocr.o)
                0x000000000800c540                _realloc_r
 .text._malloc_usable_size_r
                0x000000000800c59e       0x10 c:/st/stm32cubeide_1.10.1/stm32cubeide/plugins/com.st.stm32cube.ide.mcu.externaltools.gnu-tools-for-stm32.10.3-2021.10.win32_1.0.0.202111181127/tools/bin/../lib/gcc/arm-none-eabi/10.3.1/../../../../arm-none-eabi/lib/thumb/v7e-m+fp/hard\libc_nano.a(lib_a-nano-msizer.o)
                0x000000000800c59e                _malloc_usable_size_r
 *(.glue_7)
 .glue_7        0x000000000800c5ae        0x0 linker stubs
 *(.glue_7t)
 .glue_7t       0x000000000800c5ae        0x0 linker stubs
 *(.eh_frame)
 *fill*         0x000000000800c5ae        0x2 
 .eh_frame      0x000000000800c5b0        0x0 c:/st/stm32cubeide_1.10.1/stm32cubeide/plugins/com.st.stm32cube.ide.mcu.externaltools.gnu-tools-for-stm32.10.3-2021.10.win32_1.0.0.202111181127/tools/bin/../lib/gcc/arm-none-eabi/10.3.1/thumb/v7e-m+fp/hard/crtbegin.o
 *(.init)
 .init          0x000000000800c5b0        0x4 c:/st/stm32cubeide_1.10.1/stm32cubeide/plugins/com.st.stm32cube.ide.mcu.externaltools.gnu-tools-for-stm32.10.3-2021.10.win32_1.0.0.202111181127/tools/bin/../lib/gcc/arm-none-eabi/10.3.1/thumb/v7e-m+fp/hard/crti.o
                0x000000000800c5b0                _init
 .init          0x000000000800c5b4        0x8 c:/st/stm32cubeide_1.10.1/stm32cubeide/plugins/com.st.stm32cube.ide.mcu.externaltools.gnu-tools-for-stm32.10.3-2021.10.win32_1.0.0.202111181127/tools/bin/../lib/gcc/arm-none-eabi/10.3.1/thumb/v7e-m+fp/hard/crtn.o
 *(.fini)
 .fini          0x000000000800c5bc        0x4 c:/st/stm32cubeide_1.10.1/stm32cubeide/plugins/com.st.stm32cube.ide.mcu.externaltools.gnu-tools-for-stm32.10.3-2021.10.win32_1.0.0.202111181127/tools/bin/../lib/gcc/arm-none-eabi/10.3.1/thumb/v7e-m+fp/hard/crti.o
                0x000000000800c5bc                _fini
 .fini          0x000000000800c5c0        0x8 c:/st/stm32cubeide_1.10.1/stm32cubeide/plugins/com.st.stm32cube.ide.mcu.externaltools.gnu-tools-for-stm32.10.3-2021.10.win32_1.0.0.202111181127/tools/bin/../lib/gcc/arm-none-eabi/10.3.1/thumb/v7e-m+fp/hard/crtn.o
                0x000000000800c5c8                . = ALIGN (0x4)
                0x000000000800c5c8                _etext = .

.vfp11_veneer   0x000000000800c5c8        0x0
 .vfp11_veneer  0x000000000800c5c8        0x0 linker stubs

.v4_bx          0x000000000800c5c8        0x0
 .v4_bx         0x000000000800c5c8        0x0 linker stubs

.iplt           0x000000000800c5c8        0x0
 .iplt          0x000000000800c5c8        0x0 c:/st/stm32cubeide_1.10.1/stm32cubeide/plugins/com.st.stm32cube.ide.mcu.externaltools.gnu-tools-for-stm32.10.3-2021.10.win32_1.0.0.202111181127/tools/bin/../lib/gcc/arm-none-eabi/10.3.1/thumb/v7e-m+fp/hard/crtbegin.o

.rodata         0x000000000800c5c8     0x21c0
                0x000000000800c5c8                . = ALIGN (0x4)
 *(.rodata)
 .rodata        0x000000000800c5c8       0x6f ./Core/Src/main.o
 *fill*         0x000000000800c637        0x1 
 .rodata        0x000000000800c638        0x4 ./Middlewares/ST/STM32_USB_Host_Library/Class/CDC/Src/usbh_cdc.o
 .rodata        0x000000000800c63c        0xb ./Middlewares/ST/STM32_USB_Host_Library/Core/Src/usbh_core.o
 *fill*         0x000000000800c647        0x1 
 .rodata        0x000000000800c648        0x5 ./Middlewares/Third_Party/FreeRTOS/Source/tasks.o
 *fill*         0x000000000800c64d        0x3 
 .rodata        0x000000000800c650        0xd ./Middlewares/Third_Party/FreeRTOS/Source/timers.o
 *(.rodata*)
 *fill*         0x000000000800c65d        0x3 
 .rodata.console_font_12x16
                0x000000000800c660     0x2000 ./Core/Src/display.o
                0x000000000800c660                console_font_12x16
 .rodata.defaultTask_attributes
                0x000000000800e660       0x24 ./Core/Src/main.o
                0x000000000800e660                defaultTask_attributes
 .rodata.task1ms_attributes
                0x000000000800e684       0x24 ./Core/Src/main.o
                0x000000000800e684                task1ms_attributes
 .rodata.task10ms_attributes
                0x000000000800e6a8       0x24 ./Core/Src/main.o
                0x000000000800e6a8                task10ms_attributes
 .rodata.producer01_attributes
                0x000000000800e6cc       0x24 ./Core/Src/main.o
                0x000000000800e6cc                producer01_attributes
 .rodata.consumer01_attributes
                0x000000000800e6f0       0x24 ./Core/Src/main.o
                0x000000000800e6f0                consumer01_attributes
 .rodata.logQueue_attributes
                0x000000000800e714       0x18 ./Core/Src/main.o
                0x000000000800e714                logQueue_attributes
 .rodata.oneMs_attributes
                0x000000000800e72c       0x10 ./Core/Src/main.o
                0x000000000800e72c                oneMs_attributes
 .rodata.AHBPrescTable
                0x000000000800e73c       0x10 ./Core/Src/system_stm32f4xx.o
                0x000000000800e73c                AHBPrescTable
 .rodata.APBPrescTable
                0x000000000800e74c        0x8 ./Core/Src/system_stm32f4xx.o
                0x000000000800e74c                APBPrescTable
 .rodata._svfprintf_r.str1.1
                0x000000000800e754       0x11 c:/st/stm32cubeide_1.10.1/stm32cubeide/plugins/com.st.stm32cube.ide.mcu.externaltools.gnu-tools-for-stm32.10.3-2021.10.win32_1.0.0.202111181127/tools/bin/../lib/gcc/arm-none-eabi/10.3.1/../../../../arm-none-eabi/lib/thumb/v7e-m+fp/hard\libc_nano.a(lib_a-nano-svfprintf.o)
 .rodata._printf_i.str1.1
                0x000000000800e765       0x22 c:/st/stm32cubeide_1.10.1/stm32cubeide/plugins/com.st.stm32cube.ide.mcu.externaltools.gnu-tools-for-stm32.10.3-2021.10.win32_1.0.0.202111181127/tools/bin/../lib/gcc/arm-none-eabi/10.3.1/../../../../arm-none-eabi/lib/thumb/v7e-m+fp/hard\libc_nano.a(lib_a-nano-vfprintf_i.o)
                0x000000000800e788                . = ALIGN (0x4)
 *fill*         0x000000000800e787        0x1 

.ARM.extab      0x000000000800e788        0x0
                0x000000000800e788                . = ALIGN (0x4)
 *(.ARM.extab* .gnu.linkonce.armextab.*)
                0x000000000800e788                . = ALIGN (0x4)

.ARM            0x000000000800e788        0x8
                0x000000000800e788                . = ALIGN (0x4)
                0x000000000800e788                __exidx_start = .
 *(.ARM.exidx*)
 .ARM.exidx     0x000000000800e788        0x8 c:/st/stm32cubeide_1.10.1/stm32cubeide/plugins/com.st.stm32cube.ide.mcu.externaltools.gnu-tools-for-stm32.10.3-2021.10.win32_1.0.0.202111181127/tools/bin/../lib/gcc/arm-none-eabi/10.3.1/thumb/v7e-m+fp/hard\libgcc.a(_udivmoddi4.o)
                0x000000000800e790                __exidx_end = .
                0x000000000800e790                . = ALIGN (0x4)

.rel.dyn        0x000000000800e790        0x0
 .rel.iplt      0x000000000800e790        0x0 c:/st/stm32cubeide_1.10.1/stm32cubeide/plugins/com.st.stm32cube.ide.mcu.externaltools.gnu-tools-for-stm32.10.3-2021.10.win32_1.0.0.202111181127/tools/bin/../lib/gcc/arm-none-eabi/10.3.1/thumb/v7e-m+fp/hard/crtbegin.o

.preinit_array  0x000000000800e790        0x0
                0x000000000800e790                . = ALIGN (0x4)
                0x000000000800e790                PROVIDE (__preinit_array_start = .)
 *(.preinit_array*)
                0x000000000800e790                PROVIDE (__preinit_array_end = .)
                0x000000000800e790                . = ALIGN (0x4)

.init_array     0x000000000800e790        0x4
                0x000000000800e790                . = ALIGN (0x4)
                0x000000000800e790                PROVIDE (__init_array_start = .)
 *(SORT_BY_NAME(.init_array.*))
 *(.init_array*)
 .init_array    0x000000000800e790        0x4 c:/st/stm32cubeide_1.10.1/stm32cubeide/plugins/com.st.stm32cube.ide.mcu.externaltools.gnu-tools-for-stm32.10.3-2021.10.win32_1.0.0.202111181127/tools/bin/../lib/gcc/arm-none-eabi/10.3.1/thumb/v7e-m+fp/hard/crtbegin.o
                0x000000000800e794                PROVIDE (__init_array_end = .)
                0x000000000800e794                . = ALIGN (0x4)

.fini_array     0x000000000800e794        0x4
                0x000000000800e794                . = ALIGN (0x4)
                [!provide]                        PROVIDE (__fini_array_start = .)
 *(SORT_BY_NAME(.fini_array.*))
 *(.fini_array*)
 .fini_array    0x000000000800e794        0x4 c:/st/stm32cubeide_1.10.1/stm32cubeide/plugins/com.st.stm32cube.ide.mcu.externaltools.gnu-tools-for-stm32.10.3-2021.10.win32_1.0.0.202111181127/tools/bin/../lib/gcc/arm-none-eabi/10.3.1/thumb/v7e-m+fp/hard/crtbegin.o
                [!provide]                        PROVIDE (__fini_array_end = .)
                0x000000000800e798                . = ALIGN (0x4)
                0x000000000800e798                _sidata = LOADADDR (.data)

.data           0x0000000020000000       0x94 load address 0x000000000800e798
                0x0000000020000000                . = ALIGN (0x4)
                0x0000000020000000                _sdata = .
 *(.data)
 *(.data*)
 .data.SystemCoreClock
                0x0000000020000000        0x4 ./Core/Src/system_stm32f4xx.o
                0x0000000020000000                SystemCoreClock
 .data.uwTickPrio
                0x0000000020000004        0x4 ./Drivers/STM32F4xx_HAL_Driver/Src/stm32f4xx_hal.o
                0x0000000020000004                uwTickPrio
 .data.uwTickFreq
                0x0000000020000008        0x1 ./Drivers/STM32F4xx_HAL_Driver/Src/stm32f4xx_hal.o
                0x0000000020000008                uwTickFreq
 *fill*         0x0000000020000009        0x3 
 .data.CDC_Class
                0x000000002000000c       0x20 ./Middlewares/ST/STM32_USB_Host_Library/Class/CDC/Src/usbh_cdc.o
                0x000000002000000c                CDC_Class
 .data.uxCriticalNesting
                0x000000002000002c        0x4 ./Middlewares/Third_Party/FreeRTOS/Source/portable/GCC/ARM_CM4F/port.o
 .data._impure_ptr
                0x0000000020000030        0x4 c:/st/stm32cubeide_1.10.1/stm32cubeide/plugins/com.st.stm32cube.ide.mcu.externaltools.gnu-tools-for-stm32.10.3-2021.10.win32_1.0.0.202111181127/tools/bin/../lib/gcc/arm-none-eabi/10.3.1/../../../../arm-none-eabi/lib/thumb/v7e-m+fp/hard\libc_nano.a(lib_a-impure.o)
                0x0000000020000030                _impure_ptr
 .data.impure_data
                0x0000000020000034       0x60 c:/st/stm32cubeide_1.10.1/stm32cubeide/plugins/com.st.stm32cube.ide.mcu.externaltools.gnu-tools-for-stm32.10.3-2021.10.win32_1.0.0.202111181127/tools/bin/../lib/gcc/arm-none-eabi/10.3.1/../../../../arm-none-eabi/lib/thumb/v7e-m+fp/hard\libc_nano.a(lib_a-impure.o)
 *(.RamFunc)
 *(.RamFunc*)
                0x0000000020000094                . = ALIGN (0x4)
                0x0000000020000094                _edata = .
                0x000000000800e82c                _siccmram = LOADADDR (.ccmram)

.igot.plt       0x0000000020000094        0x0 load address 0x000000000800e82c
 .igot.plt      0x0000000020000094        0x0 c:/st/stm32cubeide_1.10.1/stm32cubeide/plugins/com.st.stm32cube.ide.mcu.externaltools.gnu-tools-for-stm32.10.3-2021.10.win32_1.0.0.202111181127/tools/bin/../lib/gcc/arm-none-eabi/10.3.1/thumb/v7e-m+fp/hard/crtbegin.o

.ccmram         0x0000000010000000        0x0 load address 0x000000000800e82c
                0x0000000010000000                . = ALIGN (0x4)
                0x0000000010000000                _sccmram = .
 *(.ccmram)
 *(.ccmram*)
                0x0000000010000000                . = ALIGN (0x4)
                0x0000000010000000                _eccmram = .
                0x0000000010000000                . = ALIGN (0x4)

.bss            0x0000000020000094     0x51ec
                0x0000000020000094                _sbss = .
                0x0000000020000094                __bss_start__ = _sbss
 *(.bss)
 .bss           0x0000000020000094       0x1c c:/st/stm32cubeide_1.10.1/stm32cubeide/plugins/com.st.stm32cube.ide.mcu.externaltools.gnu-tools-for-stm32.10.3-2021.10.win32_1.0.0.202111181127/tools/bin/../lib/gcc/arm-none-eabi/10.3.1/thumb/v7e-m+fp/hard/crtbegin.o
 *(.bss*)
 .bss.hi2c1     0x00000000200000b0       0x54 ./Core/Src/main.o
                0x00000000200000b0                hi2c1
 .bss.hi2s3     0x0000000020000104       0x48 ./Core/Src/main.o
                0x0000000020000104                hi2s3
 .bss.hspi1     0x000000002000014c       0x58 ./Core/Src/main.o
                0x000000002000014c                hspi1
 .bss.htim7     0x00000000200001a4       0x48 ./Core/Src/main.o
                0x00000000200001a4                htim7
 .bss.defaultTaskHandle
                0x00000000200001ec        0x4 ./Core/Src/main.o
                0x00000000200001ec                defaultTaskHandle
 .bss.task1msHandle
                0x00000000200001f0        0x4 ./Core/Src/main.o
                0x00000000200001f0                task1msHandle
 .bss.task10msHandle
                0x00000000200001f4        0x4 ./Core/Src/main.o
                0x00000000200001f4                task10msHandle
 .bss.producer01Handle
                0x00000000200001f8        0x4 ./Core/Src/main.o
                0x00000000200001f8                producer01Handle
 .bss.consumer01Handle
                0x00000000200001fc        0x4 ./Core/Src/main.o
                0x00000000200001fc                consumer01Handle
 .bss.logQueueHandle
                0x0000000020000200        0x4 ./Core/Src/main.o
                0x0000000020000200                logQueueHandle
 .bss.oneMsHandle
                0x0000000020000204        0x4 ./Core/Src/main.o
                0x0000000020000204                oneMsHandle
 .bss.__sbrk_heap_end
                0x0000000020000208        0x4 ./Core/Src/sysmem.o
 .bss.uwTick    0x000000002000020c        0x4 ./Drivers/STM32F4xx_HAL_Driver/Src/stm32f4xx_hal.o
                0x000000002000020c                uwTick
 .bss.USBH_Thread_Atrr
                0x0000000020000210       0x24 ./Middlewares/ST/STM32_USB_Host_Library/Core/Src/usbh_core.o
                0x0000000020000210                USBH_Thread_Atrr
 .bss.KernelState
                0x0000000020000234        0x4 ./Middlewares/Third_Party/FreeRTOS/Source/CMSIS_RTOS_V2/cmsis_os2.o
 .bss.Idle_TCB.3
                0x0000000020000238       0x5c ./Middlewares/Third_Party/FreeRTOS/Source/CMSIS_RTOS_V2/cmsis_os2.o
 .bss.Idle_Stack.2
                0x0000000020000294      0x200 ./Middlewares/Third_Party/FreeRTOS/Source/CMSIS_RTOS_V2/cmsis_os2.o
 .bss.Timer_TCB.1
                0x0000000020000494       0x5c ./Middlewares/Third_Party/FreeRTOS/Source/CMSIS_RTOS_V2/cmsis_os2.o
 .bss.Timer_Stack.0
                0x00000000200004f0      0x400 ./Middlewares/Third_Party/FreeRTOS/Source/CMSIS_RTOS_V2/cmsis_os2.o
 .bss.xQueueRegistry
                0x00000000200008f0       0x40 ./Middlewares/Third_Party/FreeRTOS/Source/queue.o
                0x00000000200008f0                xQueueRegistry
 .bss.pxCurrentTCB
                0x0000000020000930        0x4 ./Middlewares/Third_Party/FreeRTOS/Source/tasks.o
                0x0000000020000930                pxCurrentTCB
 .bss.pxReadyTasksLists
                0x0000000020000934      0x460 ./Middlewares/Third_Party/FreeRTOS/Source/tasks.o
 .bss.xDelayedTaskList1
                0x0000000020000d94       0x14 ./Middlewares/Third_Party/FreeRTOS/Source/tasks.o
 .bss.xDelayedTaskList2
                0x0000000020000da8       0x14 ./Middlewares/Third_Party/FreeRTOS/Source/tasks.o
 .bss.pxDelayedTaskList
                0x0000000020000dbc        0x4 ./Middlewares/Third_Party/FreeRTOS/Source/tasks.o
 .bss.pxOverflowDelayedTaskList
                0x0000000020000dc0        0x4 ./Middlewares/Third_Party/FreeRTOS/Source/tasks.o
 .bss.xPendingReadyList
                0x0000000020000dc4       0x14 ./Middlewares/Third_Party/FreeRTOS/Source/tasks.o
 .bss.xTasksWaitingTermination
                0x0000000020000dd8       0x14 ./Middlewares/Third_Party/FreeRTOS/Source/tasks.o
 .bss.uxDeletedTasksWaitingCleanUp
                0x0000000020000dec        0x4 ./Middlewares/Third_Party/FreeRTOS/Source/tasks.o
 .bss.xSuspendedTaskList
                0x0000000020000df0       0x14 ./Middlewares/Third_Party/FreeRTOS/Source/tasks.o
 .bss.uxCurrentNumberOfTasks
                0x0000000020000e04        0x4 ./Middlewares/Third_Party/FreeRTOS/Source/tasks.o
 .bss.xTickCount
                0x0000000020000e08        0x4 ./Middlewares/Third_Party/FreeRTOS/Source/tasks.o
 .bss.uxTopReadyPriority
                0x0000000020000e0c        0x4 ./Middlewares/Third_Party/FreeRTOS/Source/tasks.o
 .bss.xSchedulerRunning
                0x0000000020000e10        0x4 ./Middlewares/Third_Party/FreeRTOS/Source/tasks.o
 .bss.xPendedTicks
                0x0000000020000e14        0x4 ./Middlewares/Third_Party/FreeRTOS/Source/tasks.o
 .bss.xYieldPending
                0x0000000020000e18        0x4 ./Middlewares/Third_Party/FreeRTOS/Source/tasks.o
 .bss.xNumOfOverflows
                0x0000000020000e1c        0x4 ./Middlewares/Third_Party/FreeRTOS/Source/tasks.o
 .bss.uxTaskNumber
                0x0000000020000e20        0x4 ./Middlewares/Third_Party/FreeRTOS/Source/tasks.o
 .bss.xNextTaskUnblockTime
                0x0000000020000e24        0x4 ./Middlewares/Third_Party/FreeRTOS/Source/tasks.o
 .bss.xIdleTaskHandle
                0x0000000020000e28        0x4 ./Middlewares/Third_Party/FreeRTOS/Source/tasks.o
 .bss.uxSchedulerSuspended
                0x0000000020000e2c        0x4 ./Middlewares/Third_Party/FreeRTOS/Source/tasks.o
 .bss.xActiveTimerList1
                0x0000000020000e30       0x14 ./Middlewares/Third_Party/FreeRTOS/Source/timers.o
 .bss.xActiveTimerList2
                0x0000000020000e44       0x14 ./Middlewares/Third_Party/FreeRTOS/Source/timers.o
 .bss.pxCurrentTimerList
                0x0000000020000e58        0x4 ./Middlewares/Third_Party/FreeRTOS/Source/timers.o
 .bss.pxOverflowTimerList
                0x0000000020000e5c        0x4 ./Middlewares/Third_Party/FreeRTOS/Source/timers.o
 .bss.xTimerQueue
                0x0000000020000e60        0x4 ./Middlewares/Third_Party/FreeRTOS/Source/timers.o
 .bss.xTimerTaskHandle
                0x0000000020000e64        0x4 ./Middlewares/Third_Party/FreeRTOS/Source/timers.o
 .bss.xLastTime.2
                0x0000000020000e68        0x4 ./Middlewares/Third_Party/FreeRTOS/Source/timers.o
 .bss.ucStaticTimerQueueStorage.1
                0x0000000020000e6c       0xa0 ./Middlewares/Third_Party/FreeRTOS/Source/timers.o
 .bss.xStaticTimerQueue.0
                0x0000000020000f0c       0x50 ./Middlewares/Third_Party/FreeRTOS/Source/timers.o
 .bss.ucMaxSysCallPriority
                0x0000000020000f5c        0x1 ./Middlewares/Third_Party/FreeRTOS/Source/portable/GCC/ARM_CM4F/port.o
 *fill*         0x0000000020000f5d        0x3 
 .bss.ulMaxPRIGROUPValue
                0x0000000020000f60        0x4 ./Middlewares/Third_Party/FreeRTOS/Source/portable/GCC/ARM_CM4F/port.o
 .bss.ucHeap    0x0000000020000f64     0x3c00 ./Middlewares/Third_Party/FreeRTOS/Source/portable/MemMang/heap_4.o
 .bss.xStart    0x0000000020004b64        0x8 ./Middlewares/Third_Party/FreeRTOS/Source/portable/MemMang/heap_4.o
 .bss.pxEnd     0x0000000020004b6c        0x4 ./Middlewares/Third_Party/FreeRTOS/Source/portable/MemMang/heap_4.o
 .bss.xFreeBytesRemaining
                0x0000000020004b70        0x4 ./Middlewares/Third_Party/FreeRTOS/Source/portable/MemMang/heap_4.o
 .bss.xMinimumEverFreeBytesRemaining
                0x0000000020004b74        0x4 ./Middlewares/Third_Party/FreeRTOS/Source/portable/MemMang/heap_4.o
 .bss.xNumberOfSuccessfulAllocations
                0x0000000020004b78        0x4 ./Middlewares/Third_Party/FreeRTOS/Source/portable/MemMang/heap_4.o
 .bss.xNumberOfSuccessfulFrees
                0x0000000020004b7c        0x4 ./Middlewares/Third_Party/FreeRTOS/Source/portable/MemMang/heap_4.o
 .bss.xBlockAllocatedBit
                0x0000000020004b80        0x4 ./Middlewares/Third_Party/FreeRTOS/Source/portable/MemMang/heap_4.o
 .bss.hUsbHostFS
                0x0000000020004b84      0x3e4 ./USB_HOST/App/usb_host.o
                0x0000000020004b84                hUsbHostFS
 .bss.Appli_state
                0x0000000020004f68        0x1 ./USB_HOST/App/usb_host.o
                0x0000000020004f68                Appli_state